Archive member included to satisfy reference by file (symbol)

C:/Program Files/arm/bin/../lib/gcc/arm-none-eabi/15.2.1/../../../../arm-none-eabi/lib/thumb/v8-m.main/nofp\libc_nano.a(libc_a-exit.o)
                              C:/Program Files/arm/bin/../lib/gcc/arm-none-eabi/15.2.1/../../../../arm-none-eabi/lib/thumb/v8-m.main/nofp/crt0.o (exit)
C:/Program Files/arm/bin/../lib/gcc/arm-none-eabi/15.2.1/../../../../arm-none-eabi/lib/thumb/v8-m.main/nofp\libc_nano.a(libc_a-findfp.o)
                              C:/Program Files/arm/bin/../lib/gcc/arm-none-eabi/15.2.1/../../../../arm-none-eabi/lib/thumb/v8-m.main/nofp\libc_nano.a(libc_a-exit.o) (__stdio_exit_handler)
C:/Program Files/arm/bin/../lib/gcc/arm-none-eabi/15.2.1/../../../../arm-none-eabi/lib/thumb/v8-m.main/nofp\libc_nano.a(libc_a-fwalk.o)
                              C:/Program Files/arm/bin/../lib/gcc/arm-none-eabi/15.2.1/../../../../arm-none-eabi/lib/thumb/v8-m.main/nofp\libc_nano.a(libc_a-findfp.o) (_fwalk_sglue)
C:/Program Files/arm/bin/../lib/gcc/arm-none-eabi/15.2.1/../../../../arm-none-eabi/lib/thumb/v8-m.main/nofp\libc_nano.a(libc_a-snprintf.o)
                              CMakeFiles/program.elf.dir/HAL/Display/oled.c.obj (snprintf)
C:/Program Files/arm/bin/../lib/gcc/arm-none-eabi/15.2.1/../../../../arm-none-eabi/lib/thumb/v8-m.main/nofp\libc_nano.a(libc_a-stdio.o)
                              C:/Program Files/arm/bin/../lib/gcc/arm-none-eabi/15.2.1/../../../../arm-none-eabi/lib/thumb/v8-m.main/nofp\libc_nano.a(libc_a-findfp.o) (__sread)
C:/Program Files/arm/bin/../lib/gcc/arm-none-eabi/15.2.1/../../../../arm-none-eabi/lib/thumb/v8-m.main/nofp\libc_nano.a(libc_a-memcmp.o)
                              CMakeFiles/program.elf.dir/FatFS/ff.c.obj (memcmp)
C:/Program Files/arm/bin/../lib/gcc/arm-none-eabi/15.2.1/../../../../arm-none-eabi/lib/thumb/v8-m.main/nofp\libc_nano.a(libc_a-memset.o)
                              C:/Program Files/arm/bin/../lib/gcc/arm-none-eabi/15.2.1/../../../../arm-none-eabi/lib/thumb/v8-m.main/nofp/crt0.o (memset)
C:/Program Files/arm/bin/../lib/gcc/arm-none-eabi/15.2.1/../../../../arm-none-eabi/lib/thumb/v8-m.main/nofp\libc_nano.a(libc_a-strchr.o)
                              CMakeFiles/program.elf.dir/FatFS/ff.c.obj (strchr)
C:/Program Files/arm/bin/../lib/gcc/arm-none-eabi/15.2.1/../../../../arm-none-eabi/lib/thumb/v8-m.main/nofp\libc_nano.a(libc_a-closer.o)
                              C:/Program Files/arm/bin/../lib/gcc/arm-none-eabi/15.2.1/../../../../arm-none-eabi/lib/thumb/v8-m.main/nofp\libc_nano.a(libc_a-stdio.o) (_close_r)
C:/Program Files/arm/bin/../lib/gcc/arm-none-eabi/15.2.1/../../../../arm-none-eabi/lib/thumb/v8-m.main/nofp\libc_nano.a(libc_a-reent.o)
                              C:/Program Files/arm/bin/../lib/gcc/arm-none-eabi/15.2.1/../../../../arm-none-eabi/lib/thumb/v8-m.main/nofp\libc_nano.a(libc_a-closer.o) (errno)
C:/Program Files/arm/bin/../lib/gcc/arm-none-eabi/15.2.1/../../../../arm-none-eabi/lib/thumb/v8-m.main/nofp\libc_nano.a(libc_a-impure.o)
                              C:/Program Files/arm/bin/../lib/gcc/arm-none-eabi/15.2.1/../../../../arm-none-eabi/lib/thumb/v8-m.main/nofp\libc_nano.a(libc_a-snprintf.o) (_impure_ptr)
C:/Program Files/arm/bin/../lib/gcc/arm-none-eabi/15.2.1/../../../../arm-none-eabi/lib/thumb/v8-m.main/nofp\libc_nano.a(libc_a-lseekr.o)
                              C:/Program Files/arm/bin/../lib/gcc/arm-none-eabi/15.2.1/../../../../arm-none-eabi/lib/thumb/v8-m.main/nofp\libc_nano.a(libc_a-stdio.o) (_lseek_r)
C:/Program Files/arm/bin/../lib/gcc/arm-none-eabi/15.2.1/../../../../arm-none-eabi/lib/thumb/v8-m.main/nofp\libc_nano.a(libc_a-readr.o)
                              C:/Program Files/arm/bin/../lib/gcc/arm-none-eabi/15.2.1/../../../../arm-none-eabi/lib/thumb/v8-m.main/nofp\libc_nano.a(libc_a-stdio.o) (_read_r)
C:/Program Files/arm/bin/../lib/gcc/arm-none-eabi/15.2.1/../../../../arm-none-eabi/lib/thumb/v8-m.main/nofp\libc_nano.a(libc_a-writer.o)
                              C:/Program Files/arm/bin/../lib/gcc/arm-none-eabi/15.2.1/../../../../arm-none-eabi/lib/thumb/v8-m.main/nofp\libc_nano.a(libc_a-stdio.o) (_write_r)
C:/Program Files/arm/bin/../lib/gcc/arm-none-eabi/15.2.1/../../../../arm-none-eabi/lib/thumb/v8-m.main/nofp\libc_nano.a(libc_a-errno.o)
                              CMakeFiles/program.elf.dir/config/components/misc_utilities/fsl_syscall_stub.c.obj (__errno)
C:/Program Files/arm/bin/../lib/gcc/arm-none-eabi/15.2.1/../../../../arm-none-eabi/lib/thumb/v8-m.main/nofp\libc_nano.a(libc_a-init.o)
                              C:/Program Files/arm/bin/../lib/gcc/arm-none-eabi/15.2.1/../../../../arm-none-eabi/lib/thumb/v8-m.main/nofp/crt0.o (__libc_init_array)
C:/Program Files/arm/bin/../lib/gcc/arm-none-eabi/15.2.1/../../../../arm-none-eabi/lib/thumb/v8-m.main/nofp\libc_nano.a(libc_a-lock.o)
[...]
Memory Configuration

Name             Origin             Length             Attributes
m_interrupts     0x00000000         0x00000200         xr
m_text           0x00000200         0x0001fe00         xr
m_data           0x20000000         0x00006000         rw
m_sramx0         0x04000000         0x00002000         rw
*default*        0x00000000         0xffffffff

Linker script and memory map

LOAD C:/Program Files/arm/bin/../lib/gcc/arm-none-eabi/15.2.1/thumb/v8-m.main/nofp/crti.o
LOAD C:/Program Files/arm/bin/../lib/gcc/arm-none-eabi/15.2.1/thumb/v8-m.main/nofp/crtbegin.o
LOAD C:/Program Files/arm/bin/../lib/gcc/arm-none-eabi/15.2.1/../../../../arm-none-eabi/lib/thumb/v8-m.main/nofp/crt0.o
LOAD CMakeFiles/program.elf.dir/config/devices/MCX/MCXA/MCXA153/system_MCXA153.c.obj
LOAD CMakeFiles/program.elf.dir/config/devices/MCX/MCXA/MCXA153/gcc/startup_MCXA153.S.obj
LOAD CMakeFiles/program.elf.dir/config/components/misc_utilities/fsl_syscall_stub.c.obj
LOAD CMakeFiles/program.elf.dir/config/components/misc_utilities/fsl_sbrk.c.obj
LOAD CMakeFiles/program.elf.dir/config/components/misc_utilities/fsl_memcpy.S.obj
LOAD CMakeFiles/program.elf.dir/main.c.obj
LOAD CMakeFiles/program.elf.dir/App/app.c.obj
LOAD CMakeFiles/program.elf.dir/App/events.c.obj
LOAD CMakeFiles/program.elf.dir/App/states.c.obj
LOAD CMakeFiles/program.elf.dir/App/fsm.c.obj
LOAD CMakeFiles/program.elf.dir/App/settings.c.obj
LOAD CMakeFiles/program.elf.dir/serial/serial.c.obj
LOAD CMakeFiles/program.elf.dir/serial/retarget.c.obj
LOAD CMakeFiles/program.elf.dir/fifo/fifo.c.obj
LOAD CMakeFiles/program.elf.dir/HAL/hal.c.obj
LOAD CMakeFiles/program.elf.dir/HAL/Actuators/lock.c.obj
LOAD CMakeFiles/program.elf.dir/HAL/Audio/buzzer.c.obj
LOAD CMakeFiles/program.elf.dir/HAL/BT/bt.c.obj
LOAD CMakeFiles/program.elf.dir/HAL/BT/lpuart2.c.obj
LOAD CMakeFiles/program.elf.dir/HAL/BT/lpuart1.c.obj
LOAD CMakeFiles/program.elf.dir/HAL/BT/hc05.c.obj
LOAD CMakeFiles/program.elf.dir/HAL/Display/leds.c.obj
LOAD CMakeFiles/program.elf.dir/HAL/Display/oled.c.obj
LOAD CMakeFiles/program.elf.dir/HAL/Display/lpi2c.c.obj
LOAD CMakeFiles/program.elf.dir/HAL/Input/buttons.c.obj
LOAD CMakeFiles/program.elf.dir/HAL/Input/keypad.c.obj
LOAD CMakeFiles/program.elf.dir/HAL/Storage/logger.c.obj
LOAD CMakeFiles/program.elf.dir/FatFS/ff.c.obj
LOAD CMakeFiles/program.elf.dir/FatFS/diskio.c.obj
LOAD CMakeFiles/program.elf.dir/FatFS/lpspi_master.c.obj
LOAD CMakeFiles/program.elf.dir/FatFS/fatfs_time.c.obj
LOAD CMakeFiles/program.elf.dir/Puzzles/puzzle_handler.c.obj
LOAD CMakeFiles/program.elf.dir/Puzzles/puzzle1_math.c.obj
LOAD CMakeFiles/program.elf.dir/Puzzles/puzzle2_morsecode.c.obj
LOAD CMakeFiles/program.elf.dir/Puzzles/puzzle3_code.c.obj
LOAD CMakeFiles/program.elf.dir/Puzzles/puzzle4_sequence.c.obj
LOAD CMakeFiles/program.elf.dir/Puzzles/puzzle5_color.c.obj
START GROUP
LOAD C:/Program Files/arm/bin/../lib/gcc/arm-none-eabi/15.2.1/../../../../arm-none-eabi/lib/thumb/v8-m.main/nofp\libm.a
LOAD C:/Program Files/arm/bin/../lib/gcc/arm-none-eabi/15.2.1/../../../../arm-none-eabi/lib/thumb/v8-m.main/nofp\libc_nano.a
LOAD C:/Program Files/arm/bin/../lib/gcc/arm-none-eabi/15.2.1/thumb/v8-m.main/nofp\libgcc.a
LOAD C:/Program Files/arm/bin/../lib/gcc/arm-none-eabi/15.2.1/../../../../arm-none-eabi/lib/thumb/v8-m.main/nofp\libnosys.a
END GROUP
START GROUP
LOAD C:/Program Files/arm/bin/../lib/gcc/arm-none-eabi/15.2.1/thumb/v8-m.main/nofp\libgcc.a
LOAD C:/Program Files/arm/bin/../lib/gcc/arm-none-eabi/15.2.1/../../../../arm-none-eabi/lib/thumb/v8-m.main/nofp\libg_nano.a
LOAD C:/Program Files/arm/bin/../lib/gcc/arm-none-eabi/15.2.1/../../../../arm-none-eabi/lib/thumb/v8-m.main/nofp\libc_nano.a
END GROUP
START GROUP
LOAD C:/Program Files/arm/bin/../lib/gcc/arm-none-eabi/15.2.1/thumb/v8-m.main/nofp\libgcc.a
LOAD C:/Program Files/arm/bin/../lib/gcc/arm-none-eabi/15.2.1/../../../../arm-none-eabi/lib/thumb/v8-m.main/nofp\libc_nano.a
LOAD C:/Program Files/arm/bin/../lib/gcc/arm-none-eabi/15.2.1/../../../../arm-none-eabi/lib/thumb/v8-m.main/nofp\libnosys.a
END GROUP
START GROUP
LOAD C:/Program Files/arm/bin/../lib/gcc/arm-none-eabi/15.2.1/thumb/v8-m.main/nofp\libgcc.a
LOAD C:/Program Files/arm/bin/../lib/gcc/arm-none-eabi/15.2.1/../../../../arm-none-eabi/lib/thumb/v8-m.main/nofp\libc_nano.a
LOAD C:/Program Files/arm/bin/../lib/gcc/arm-none-eabi/15.2.1/../../../../arm-none-eabi/lib/thumb/v8-m.main/nofp\libnosys.a
END GROUP
LOAD C:/Program Files/arm/bin/../lib/gcc/arm-none-eabi/15.2.1/thumb/v8-m.main/nofp/crtend.o
LOAD C:/Program Files/arm/bin/../lib/gcc/arm-none-eabi/15.2.1/thumb/v8-m.main/nofp/crtn.o
                0x00000400                        HEAP_SIZE = DEFINED (__heap_size__)?__heap_size__:0x400
                0x00000800                        STACK_SIZE = DEFINED (__stack_size__)?__stack_size__:0x800

.interrupts     0x00000000      0x180
                0x00000000                        . = ALIGN (0x4)
 *(.isr_vector)
 .isr_vector    0x00000000      0x180 CMakeFiles/program.elf.dir/config/devices/MCX/MCXA/MCXA153/gcc/startup_MCXA153.S.obj
                0x00000000                __Vectors
                0x00000180                        . = ALIGN (0x4)

.text           0x00000200     0xe878
                0x00000200                        . = ALIGN (0x4)
 *(.text)
 .text          0x00000200       0x7c C:/Program Files/arm/bin/../lib/gcc/arm-none-eabi/15.2.1/../../../../arm-none-eabi/lib/thumb/v8-m.main/nofp/crt0.o
                0x00000200                _stack_init
                0x00000208                _start
                0x00000208                _mainCRTStartup
 .text          0x0000027c      0x340 CMakeFiles/program.elf.dir/config/devices/MCX/MCXA/MCXA153/gcc/startup_MCXA153.S.obj
                0x0000027c                Reset_Handler
                0x00000310                SCG0_DriverIRQHandler
                0x00000310                CMC_DriverIRQHandler
                0x00000310                OS_EVENT_DriverIRQHandler
                0x00000310                WUU0_DriverIRQHandler
                0x00000310                Reserved50_DriverIRQHandler
                0x00000310                DebugMon_Handler
                0x00000310                FLEXPWM0_SUBMODULE0_DriverIRQHandler
                0x00000310                Reserved33_DriverIRQHandler
                0x00000310                I3C0_DriverIRQHandler
                0x00000310                Reserved39_DriverIRQHandler
                0x00000310                GPIO1_DriverIRQHandler
                0x00000310                Reserved86_DriverIRQHandler
                0x00000310                Reserved37_DriverIRQHandler
                0x00000310                Reserved46_DriverIRQHandler
                0x00000310                Reserved43_DriverIRQHandler
                0x00000310                WAKETIMER0_DriverIRQHandler
                0x00000310                BusFault_Handler
                0x00000310                MBC0_DriverIRQHandler
                0x00000310                SPC0_DriverIRQHandler
                0x00000310                LPTMR0_DriverIRQHandler
                0x00000310                DMA_CH1_DriverIRQHandler
                0x00000310                FLEXPWM0_SUBMODULE1_DriverIRQHandler
                0x00000310                Reserved58_DriverIRQHandler
                0x00000310                DMA_CH0_DriverIRQHandler
                0x00000310                Reserved59_DriverIRQHandler
                0x00000310                LPI2C0_DriverIRQHandler
                0x00000310                FLEXPWM0_RELOAD_ERROR_DriverIRQHandler
                0x00000310                CDOG0_DriverIRQHandler
                0x00000310                QDC0_HOME_DriverIRQHandler
                0x00000310                CMP0_DriverIRQHandler
                0x00000310                ADC0_DriverIRQHandler
                0x00000310                Reserved82_DriverIRQHandler
                0x00000310                Reserved85_DriverIRQHandler
                0x00000310                GPIO2_DriverIRQHandler
                0x00000310                LPUART0_DriverIRQHandler
                0x00000310                Reserved16_DriverIRQHandler
                0x00000310                QDC0_WATCHDOG_DriverIRQHandler
                0x00000310                ERM0_MULTI_BIT_DriverIRQHandler
                0x00000310                Reserved77_DriverIRQHandler
                0x00000310                LPSPI1_DriverIRQHandler
                0x00000310                FMU0_DriverIRQHandler
                0x00000310                Reserved36_DriverIRQHandler
                0x00000310                Reserved94_DriverIRQHandler
                0x00000310                Reserved25_DriverIRQHandler
                0x00000310                Reserved51_DriverIRQHandler
                0x00000310                CTIMER2_DriverIRQHandler
                0x00000310                UsageFault_Handler
                0x00000310                CMP1_DriverIRQHandler
                0x00000310                MemManage_Handler
                0x00000310                DefaultISR
                0x00000310                USB0_DriverIRQHandler
                0x00000310                DMA_CH2_DriverIRQHandler
                0x00000310                ERM0_SINGLE_BIT_DriverIRQHandler
                0x00000310                QDC0_INDEX_DriverIRQHandler
                0x00000310                Reserved65_DriverIRQHandler
                0x00000310                Reserved93_DriverIRQHandler
                0x00000310                Reserved23_DriverIRQHandler
                0x00000310                Reserved72_DriverIRQHandler
                0x00000310                Reserved83_DriverIRQHandler
                0x00000310                UTICK0_DriverIRQHandler
                0x00000310                DMA_CH3_DriverIRQHandler
                0x00000310                Reserved41_DriverIRQHandler
                0x00000310                FLEXPWM0_SUBMODULE2_DriverIRQHandler
                0x00000310                LPUART2_DriverIRQHandler
                0x00000310                LPSPI0_DriverIRQHandler
                0x00000310                WWDT0_DriverIRQHandler
                0x00000310                Reserved95_DriverIRQHandler
                0x00000310                Reserved84_DriverIRQHandler
                0x00000310                Reserved92_DriverIRQHandler
                0x00000310                SecureFault_Handler
                0x00000310                LPUART1_DriverIRQHandler
                0x00000310                FLEXPWM0_FAULT_DriverIRQHandler
                0x00000310                GLIKEY0_DriverIRQHandler
                0x00000310                QDC0_COMPARE_DriverIRQHandler
                0x00000310                CTIMER1_DriverIRQHandler
                0x00000310                Reserved24_DriverIRQHandler
                0x00000310                Reserved91_DriverIRQHandler
                0x00000310                GPIO0_DriverIRQHandler
                0x00000310                Reserved79_DriverIRQHandler
                0x00000310                Reserved38_DriverIRQHandler
                0x00000310                FREQME0_DriverIRQHandler
                0x00000310                Reserved22_DriverIRQHandler
                0x00000310                CTIMER0_DriverIRQHandler
                0x00000310                Reserved53_DriverIRQHandler
                0x00000310                Reserved35_DriverIRQHandler
                0x00000310                GPIO3_DriverIRQHandler
                0x00000314                NMI_Handler
                0x00000318                HardFault_Handler
                0x0000031c                SVC_Handler
                0x00000320                PendSV_Handler
                0x00000328                Reserved16_IRQHandler
                0x0000032c                CMC_IRQHandler
                0x00000330                DMA_CH0_IRQHandler
                0x00000334                DMA_CH1_IRQHandler
                0x00000338                DMA_CH2_IRQHandler
                0x0000033c                DMA_CH3_IRQHandler
                0x00000340                Reserved22_IRQHandler
                0x00000344                Reserved23_IRQHandler
                0x00000348                Reserved24_IRQHandler
                0x0000034c                Reserved25_IRQHandler
                0x00000350                ERM0_SINGLE_BIT_IRQHandler
                0x00000354                ERM0_MULTI_BIT_IRQHandler
                0x00000358                FMU0_IRQHandler
                0x0000035c                GLIKEY0_IRQHandler
                0x00000360                MBC0_IRQHandler
                0x00000364                SCG0_IRQHandler
                0x00000368                SPC0_IRQHandler
                0x0000036c                Reserved33_IRQHandler
                0x00000370                WUU0_IRQHandler
                0x00000374                Reserved35_IRQHandler
                0x00000378                Reserved36_IRQHandler
                0x0000037c                Reserved37_IRQHandler
                0x00000380                Reserved38_IRQHandler
                0x00000384                Reserved39_IRQHandler
                0x00000388                I3C0_IRQHandler
                0x0000038c                Reserved41_IRQHandler
                0x00000390                LPI2C0_IRQHandler
                0x00000394                Reserved43_IRQHandler
                0x00000398                LPSPI0_IRQHandler
                0x0000039c                LPSPI1_IRQHandler
                0x000003a0                Reserved46_IRQHandler
                0x000003b0                Reserved50_IRQHandler
                0x000003b4                Reserved51_IRQHandler
                0x000003b8                USB0_IRQHandler
                0x000003bc                Reserved53_IRQHandler
                0x000003c0                CDOG0_IRQHandler
                0x000003c4                CTIMER0_IRQHandler
                0x000003c8                CTIMER1_IRQHandler
                0x000003cc                CTIMER2_IRQHandler
                0x000003d0                Reserved58_IRQHandler
                0x000003d4                Reserved59_IRQHandler
                0x000003d8                FLEXPWM0_RELOAD_ERROR_IRQHandler
                0x000003dc                FLEXPWM0_FAULT_IRQHandler
                0x000003e0                FLEXPWM0_SUBMODULE0_IRQHandler
                0x000003e4                FLEXPWM0_SUBMODULE1_IRQHandler
                0x000003e8                FLEXPWM0_SUBMODULE2_IRQHandler
                0x000003ec                Reserved65_IRQHandler
                0x000003f0                QDC0_COMPARE_IRQHandler
                0x000003f4                QDC0_HOME_IRQHandler
                0x000003f8                QDC0_WATCHDOG_IRQHandler
                0x000003fc                QDC0_INDEX_IRQHandler
                0x00000400                FREQME0_IRQHandler
                0x00000404                LPTMR0_IRQHandler
                0x00000408                Reserved72_IRQHandler
                0x0000040c                OS_EVENT_IRQHandler
                0x00000410                WAKETIMER0_IRQHandler
                0x00000414                UTICK0_IRQHandler
                0x00000418                WWDT0_IRQHandler
                0x0000041c                Reserved77_IRQHandler
                0x00000420                ADC0_IRQHandler
                0x00000424                Reserved79_IRQHandler
                0x00000428                CMP0_IRQHandler
                0x0000042c                CMP1_IRQHandler
                0x00000430                Reserved82_IRQHandler
                0x00000434                Reserved83_IRQHandler
                0x00000438                Reserved84_IRQHandler
                0x0000043c                Reserved85_IRQHandler
                0x00000440                Reserved86_IRQHandler
                0x00000444                GPIO0_IRQHandler
                0x00000448                GPIO1_IRQHandler
                0x0000044c                GPIO2_IRQHandler
                0x00000450                GPIO3_IRQHandler
                0x00000454                Reserved91_IRQHandler
                0x00000458                Reserved92_IRQHandler
                0x0000045c                Reserved93_IRQHandler
                0x00000460                Reserved94_IRQHandler
                0x00000464                Reserved95_IRQHandler
 .text          0x000005bc       0xa0 CMakeFiles/program.elf.dir/config/components/misc_utilities/fsl_memcpy.S.obj
                0x000005bc                memcpy
 .text          0x0000065c       0x10 C:/Program Files/arm/bin/../lib/gcc/arm-none-eabi/15.2.1/../../../../arm-none-eabi/lib/thumb/v8-m.main/nofp\libc_nano.a(libc_a-strlen.o)
                0x0000065c                strlen
 *(.text*)
 .text.deregister_tm_clones
                0x0000066c       0x1c C:/Program Files/arm/bin/../lib/gcc/arm-none-eabi/15.2.1/thumb/v8-m.main/nofp/crtbegin.o
 .text.register_tm_clones
                0x00000688       0x28 C:/Program Files/arm/bin/../lib/gcc/arm-none-eabi/15.2.1/thumb/v8-m.main/nofp/crtbegin.o
 .text.__do_global_dtors_aux
                0x000006b0       0x28 C:/Program Files/arm/bin/../lib/gcc/arm-none-eabi/15.2.1/thumb/v8-m.main/nofp/crtbegin.o
 .text.frame_dummy
                0x000006d8       0x24 C:/Program Files/arm/bin/../lib/gcc/arm-none-eabi/15.2.1/thumb/v8-m.main/nofp/crtbegin.o
 .text.SystemInit
                0x000006fc      0x140 CMakeFiles/program.elf.dir/config/devices/MCX/MCXA/MCXA153/system_MCXA153.c.obj
                0x000006fc                SystemInit
 .text.SystemInitHook
                0x0000083c        0xc CMakeFiles/program.elf.dir/config/devices/MCX/MCXA/MCXA153/system_MCXA153.c.obj
                0x0000083c                SystemInitHook
 .text._sbrk    0x00000848       0x68 CMakeFiles/program.elf.dir/config/components/misc_utilities/fsl_sbrk.c.obj
                0x00000848                _sbrk
 .text.main     0x000008b0        0xe CMakeFiles/program.elf.dir/main.c.obj
                0x000008b0                main
 *fill*         0x000008be        0x2 
 .text.__NVIC_SetPriority
                0x000008c0       0x54 CMakeFiles/program.elf.dir/App/app.c.obj
 .text.SysTick_Config
                0x00000914       0x44 CMakeFiles/program.elf.dir/App/app.c.obj
 .text.print_serial
                0x00000958       0x2a CMakeFiles/program.elf.dir/App/app.c.obj
 .text.SysTick_Handler
                0x00000982        0xc CMakeFiles/program.elf.dir/App/app.c.obj
                0x00000982                SysTick_Handler
 *fill*         0x0000098e        0x2 
 .text.app_tick_1ms
                0x00000990       0x1c CMakeFiles/program.elf.dir/App/app.c.obj
                0x00000990                app_tick_1ms
 .text.app_millis
                0x000009ac       0x14 CMakeFiles/program.elf.dir/App/app.c.obj
                0x000009ac                app_millis
 .text.send_event
                0x000009c0       0x2c CMakeFiles/program.elf.dir/App/app.c.obj
 .text.print_current_settings
                0x000009ec       0x54 CMakeFiles/program.elf.dir/App/app.c.obj
 .text.hc05_print_current_settings
                0x00000a40       0x54 CMakeFiles/program.elf.dir/App/app.c.obj
 .text.is_digit
                0x00000a94       0x26 CMakeFiles/program.elf.dir/App/app.c.obj
 .text.to_upper_char
                0x00000aba       0x2a CMakeFiles/program.elf.dir/App/app.c.obj
 .text.str_equal
                0x00000ae4       0x6e CMakeFiles/program.elf.dir/App/app.c.obj
 *fill*         0x00000b52        0x2 
 .text.hc05_print_to_usb
                0x00000b54       0x2c CMakeFiles/program.elf.dir/App/app.c.obj
 .text.parse_uint32
                0x00000b80       0x86 CMakeFiles/program.elf.dir/App/app.c.obj
 .text.parse_fixed_number
                0x00000c06       0x82 CMakeFiles/program.elf.dir/App/app.c.obj
 .text.parse_datetime_command
                0x00000c88      0x1a8 CMakeFiles/program.elf.dir/App/app.c.obj
 .text.process_time_command
                0x00000e30       0xf0 CMakeFiles/program.elf.dir/App/app.c.obj
 .text.handle_time_command_char
                0x00000f20       0x80 CMakeFiles/program.elf.dir/App/app.c.obj
 .text.process_command_char
                0x00000fa0      0x2f0 CMakeFiles/program.elf.dir/App/app.c.obj
 .text.is_keypad_sequence
                0x00001290       0x58 CMakeFiles/program.elf.dir/App/app.c.obj
 .text.is_button_sequence
                0x000012e8       0x58 CMakeFiles/program.elf.dir/App/app.c.obj
 .text.send_keypad_sequence
                0x00001340       0x36 CMakeFiles/program.elf.dir/App/app.c.obj
 .text.send_button_sequence
                0x00001376       0x6c CMakeFiles/program.elf.dir/App/app.c.obj
 *fill*         0x000013e2        0x2 
 .text.process_text_command
                0x000013e4      0x48c CMakeFiles/program.elf.dir/App/app.c.obj
 .text.handle_serial_input
                0x00001870       0xbc CMakeFiles/program.elf.dir/App/app.c.obj
 .text.handle_hc05_input
                0x0000192c       0x90 CMakeFiles/program.elf.dir/App/app.c.obj
 .text.handle_keypad_input
                0x000019bc       0x36 CMakeFiles/program.elf.dir/App/app.c.obj
 .text.handle_button_input
                0x000019f2       0x66 CMakeFiles/program.elf.dir/App/app.c.obj
 .text.handle_bt_input
                0x00001a58       0x22 CMakeFiles/program.elf.dir/App/app.c.obj
 *fill*         0x00001a7a        0x2 
 .text.app_init
                0x00001a7c       0x70 CMakeFiles/program.elf.dir/App/app.c.obj
                0x00001a7c                app_init
 .text.app_update
                0x00001aec       0x38 CMakeFiles/program.elf.dir/App/app.c.obj
                0x00001aec                app_update
 .text.event_to_string
                0x00001b24       0x30 CMakeFiles/program.elf.dir/App/events.c.obj
                0x00001b24                event_to_string
 .text.print_serial
                0x00001b54       0x2a CMakeFiles/program.elf.dir/App/fsm.c.obj
 .text.is_dutch
                0x00001b7e       0x18 CMakeFiles/program.elf.dir/App/fsm.c.obj
 *fill*         0x00001b96        0x2 
 .text.schedule_action
                0x00001b98       0x30 CMakeFiles/program.elf.dir/App/fsm.c.obj
 .text.clear_pending
                0x00001bc8       0x20 CMakeFiles/program.elf.dir/App/fsm.c.obj
 .text.print_uint
                0x00001be8       0x84 CMakeFiles/program.elf.dir/App/fsm.c.obj
 .text.sync_current_puzzle_from_location
                0x00001c6c       0x3c CMakeFiles/program.elf.dir/App/fsm.c.obj
 .text.beacon_event_to_location
                0x00001ca8       0x4e CMakeFiles/program.elf.dir/App/fsm.c.obj
 *fill*         0x00001cf6        0x2 
 .text.reset_game_data
                0x00001cf8       0x60 CMakeFiles/program.elf.dir/App/fsm.c.obj
 .text.oled_start
                0x00001d58       0x4c CMakeFiles/program.elf.dir/App/fsm.c.obj
 .text.oled_reset
                0x00001da4       0x50 CMakeFiles/program.elf.dir/App/fsm.c.obj
 .text.oled_skip
                0x00001df4       0x88 CMakeFiles/program.elf.dir/App/fsm.c.obj
 .text.oled_waiting
                0x00001e7c       0x64 CMakeFiles/program.elf.dir/App/fsm.c.obj
 .text.oled_correct_location
                0x00001ee0       0x6c CMakeFiles/program.elf.dir/App/fsm.c.obj
 .text.show_waiting_for_location
                0x00001f4c       0x98 CMakeFiles/program.elf.dir/App/fsm.c.obj
 .text.show_wrong_location
                0x00001fe4      0x114 CMakeFiles/program.elf.dir/App/fsm.c.obj
 .text.start_current_puzzle
                0x000020f8       0xa0 CMakeFiles/program.elf.dir/App/fsm.c.obj
 .text.actual_start_puzzle
                0x00002198       0x40 CMakeFiles/program.elf.dir/App/fsm.c.obj
 .text.mark_solved
                0x000021d8       0x84 CMakeFiles/program.elf.dir/App/fsm.c.obj
 .text.finish_location
                0x0000225c       0xb8 CMakeFiles/program.elf.dir/App/fsm.c.obj
 .text.handle_puzzle_solved
                0x00002314       0x38 CMakeFiles/program.elf.dir/App/fsm.c.obj
 .text.reset_after_message
                0x0000234c       0x1e CMakeFiles/program.elf.dir/App/fsm.c.obj
 *fill*         0x0000236a        0x2 
 .text.run_pending_action
                0x0000236c       0x78 CMakeFiles/program.elf.dir/App/fsm.c.obj
 .text.fsm_init
                0x000023e4       0x60 CMakeFiles/program.elf.dir/App/fsm.c.obj
                0x000023e4                fsm_init
 .text.fsm_update
                0x00002444       0x5c CMakeFiles/program.elf.dir/App/fsm.c.obj
                0x00002444                fsm_update
 .text.fsm_handle_event
                0x000024a0      0x228 CMakeFiles/program.elf.dir/App/fsm.c.obj
                0x000024a0                fsm_handle_event
 .text.fsm_get_current_location
                0x000026c8       0x14 CMakeFiles/program.elf.dir/App/fsm.c.obj
                0x000026c8                fsm_get_current_location
 .text.app_settings_init
                0x000026dc       0x20 CMakeFiles/program.elf.dir/App/settings.c.obj
                0x000026dc                app_settings_init
 .text.app_settings_set_difficulty
                0x000026fc       0x2c CMakeFiles/program.elf.dir/App/settings.c.obj
                0x000026fc                app_settings_set_difficulty
 .text.app_settings_get_difficulty
                0x00002728       0x14 CMakeFiles/program.elf.dir/App/settings.c.obj
                0x00002728                app_settings_get_difficulty
 .text.app_settings_set_language
                0x0000273c       0x2c CMakeFiles/program.elf.dir/App/settings.c.obj
                0x0000273c                app_settings_set_language
 .text.app_settings_get_language
                0x00002768       0x14 CMakeFiles/program.elf.dir/App/settings.c.obj
                0x00002768                app_settings_get_language
 .text.app_settings_difficulty_to_string
                0x0000277c       0x38 CMakeFiles/program.elf.dir/App/settings.c.obj
                0x0000277c                app_settings_difficulty_to_string
 .text.app_settings_language_to_string
                0x000027b4       0x38 CMakeFiles/program.elf.dir/App/settings.c.obj
                0x000027b4                app_settings_language_to_string
 .text.__NVIC_EnableIRQ
                0x000027ec       0x38 CMakeFiles/program.elf.dir/serial/serial.c.obj
 .text.__NVIC_ClearPendingIRQ
                0x00002824       0x3c CMakeFiles/program.elf.dir/serial/serial.c.obj
 .text.__NVIC_SetPriority
                0x00002860       0x54 CMakeFiles/program.elf.dir/serial/serial.c.obj
 .text.serial_init
                0x000028b4       0xc8 CMakeFiles/program.elf.dir/serial/serial.c.obj
                0x000028b4                serial_init
 .text.serial_putchar
                0x0000297c       0x3c CMakeFiles/program.elf.dir/serial/serial.c.obj
                0x0000297c                serial_putchar
 .text.serial_getchar
                0x000029b8       0x30 CMakeFiles/program.elf.dir/serial/serial.c.obj
                0x000029b8                serial_getchar
 .text.serial_rxcnt
                0x000029e8       0x14 CMakeFiles/program.elf.dir/serial/serial.c.obj
                0x000029e8                serial_rxcnt
 .text.LPUART0_IRQHandler
                0x000029fc       0x80 CMakeFiles/program.elf.dir/serial/serial.c.obj
                0x000029fc                LPUART0_IRQHandler
 .text.f_init   0x00002a7c       0x54 CMakeFiles/program.elf.dir/fifo/fifo.c.obj
                0x00002a7c                f_init
 .text.f_push   0x00002ad0       0x76 CMakeFiles/program.elf.dir/fifo/fifo.c.obj
                0x00002ad0                f_push
 .text.f_pop    0x00002b46       0x72 CMakeFiles/program.elf.dir/fifo/fifo.c.obj
                0x00002b46                f_pop
 .text.f_cnt    0x00002bb8       0x16 CMakeFiles/program.elf.dir/fifo/fifo.c.obj
                0x00002bb8                f_cnt
 .text.hal_init
                0x00002bce       0x2c CMakeFiles/program.elf.dir/HAL/hal.c.obj
                0x00002bce                hal_init
 .text.hal_update
                0x00002bfa       0x30 CMakeFiles/program.elf.dir/HAL/hal.c.obj
                0x00002bfa                hal_update
 *fill*         0x00002c2a        0x2 
 .text.lock_output_on
                0x00002c2c       0x18 CMakeFiles/program.elf.dir/HAL/Actuators/lock.c.obj
 .text.lock_output_off
                0x00002c44       0x18 CMakeFiles/program.elf.dir/HAL/Actuators/lock.c.obj
 .text.lock_init
                0x00002c5c       0x70 CMakeFiles/program.elf.dir/HAL/Actuators/lock.c.obj
                0x00002c5c                lock_init
 .text.lock_lock
                0x00002ccc       0x20 CMakeFiles/program.elf.dir/HAL/Actuators/lock.c.obj
                0x00002ccc                lock_lock
 .text.lock_unlock
                0x00002cec       0x34 CMakeFiles/program.elf.dir/HAL/Actuators/lock.c.obj
                0x00002cec                lock_unlock
 .text.delay_loop
                0x00002d20       0x22 CMakeFiles/program.elf.dir/HAL/Audio/buzzer.c.obj
 .text.delay_ms_blocking
                0x00002d42       0x28 CMakeFiles/program.elf.dir/HAL/Audio/buzzer.c.obj
 *fill*         0x00002d6a        0x2 
 .text.buzzer_init
                0x00002d6c       0x70 CMakeFiles/program.elf.dir/HAL/Audio/buzzer.c.obj
                0x00002d6c                buzzer_init
 .text.buzzer_update
                0x00002ddc       0x88 CMakeFiles/program.elf.dir/HAL/Audio/buzzer.c.obj
                0x00002ddc                buzzer_update
 .text.buzzer_on
                0x00002e64       0x18 CMakeFiles/program.elf.dir/HAL/Audio/buzzer.c.obj
                0x00002e64                buzzer_on
 .text.buzzer_off
                0x00002e7c       0x18 CMakeFiles/program.elf.dir/HAL/Audio/buzzer.c.obj
                0x00002e7c                buzzer_off
 .text.buzzer_beep_blocking
                0x00002e94       0x1e CMakeFiles/program.elf.dir/HAL/Audio/buzzer.c.obj
 .text.morse_element_gap
                0x00002eb2       0x12 CMakeFiles/program.elf.dir/HAL/Audio/buzzer.c.obj
 .text.morse_letter_gap
                0x00002ec4       0x14 CMakeFiles/program.elf.dir/HAL/Audio/buzzer.c.obj
 .text.morse_word_gap
                0x00002ed8       0x14 CMakeFiles/program.elf.dir/HAL/Audio/buzzer.c.obj
 .text.morse_dot
                0x00002eec        0xe CMakeFiles/program.elf.dir/HAL/Audio/buzzer.c.obj
 .text.morse_dash
                0x00002efa       0x10 CMakeFiles/program.elf.dir/HAL/Audio/buzzer.c.obj
 .text.to_upper
                0x00002f0a       0x2a CMakeFiles/program.elf.dir/HAL/Audio/buzzer.c.obj
 .text.morse_for_char
                0x00002f34      0x2a4 CMakeFiles/program.elf.dir/HAL/Audio/buzzer.c.obj
 .text.morse_symbol
                0x000031d8       0x28 CMakeFiles/program.elf.dir/HAL/Audio/buzzer.c.obj
 .text.buzzer_morse_string
                0x00003200       0x74 CMakeFiles/program.elf.dir/HAL/Audio/buzzer.c.obj
                0x00003200                buzzer_morse_string
 .text.buzzer_success
                0x00003274       0x2a CMakeFiles/program.elf.dir/HAL/Audio/buzzer.c.obj
                0x00003274                buzzer_success
 .text.buzzer_fail
                0x0000329e       0x1e CMakeFiles/program.elf.dir/HAL/Audio/buzzer.c.obj
                0x0000329e                buzzer_fail
 .text.buzzer_correct_sound
                0x000032bc        0xc CMakeFiles/program.elf.dir/HAL/Audio/buzzer.c.obj
                0x000032bc                buzzer_correct_sound
 .text.buzzer_error_sound
                0x000032c8        0xc CMakeFiles/program.elf.dir/HAL/Audio/buzzer.c.obj
                0x000032c8                buzzer_error_sound
 .text.buzzer_repeat_start
                0x000032d4       0x3c CMakeFiles/program.elf.dir/HAL/Audio/buzzer.c.obj
                0x000032d4                buzzer_repeat_start
 .text.buzzer_repeat_stop
                0x00003310       0x40 CMakeFiles/program.elf.dir/HAL/Audio/buzzer.c.obj
                0x00003310                buzzer_repeat_stop
 .text.print_serial
                0x00003350       0x2a CMakeFiles/program.elf.dir/HAL/BT/bt.c.obj
 *fill*         0x0000337a        0x2 
 .text.print_int
                0x0000337c       0x9c CMakeFiles/program.elf.dir/HAL/BT/bt.c.obj
 .text.print_uint
                0x00003418       0x84 CMakeFiles/program.elf.dir/HAL/BT/bt.c.obj
 .text.print_hex2
                0x0000349c       0x54 CMakeFiles/program.elf.dir/HAL/BT/bt.c.obj
 .text.print_hex4
                0x000034f0       0x34 CMakeFiles/program.elf.dir/HAL/BT/bt.c.obj
 .text.is_hex_char
                0x00003524       0x3e CMakeFiles/program.elf.dir/HAL/BT/bt.c.obj
 .text.hex_value
                0x00003562       0x52 CMakeFiles/program.elf.dir/HAL/BT/bt.c.obj
 .text.parse_hex4_at
                0x000035b4       0x78 CMakeFiles/program.elf.dir/HAL/BT/bt.c.obj
 .text.parse_hex2_at
                0x0000362c       0x76 CMakeFiles/program.elf.dir/HAL/BT/bt.c.obj
 .text.chars_equal_ignore_case
                0x000036a2       0x4c CMakeFiles/program.elf.dir/HAL/BT/bt.c.obj
 .text.find_text_ignore_case
                0x000036ee       0x7a CMakeFiles/program.elf.dir/HAL/BT/bt.c.obj
 .text.find_next_colon
                0x00003768       0x38 CMakeFiles/program.elf.dir/HAL/BT/bt.c.obj
 .text.parse_rssi
                0x000037a0       0x84 CMakeFiles/program.elf.dir/HAL/BT/bt.c.obj
 .text.rssi_to_zone
                0x00003824       0x38 CMakeFiles/program.elf.dir/HAL/BT/bt.c.obj
 .text.zone_to_text
                0x0000385c       0x48 CMakeFiles/program.elf.dir/HAL/BT/bt.c.obj
 .text.minor_to_location
                0x000038a4       0x44 CMakeFiles/program.elf.dir/HAL/BT/bt.c.obj
 .text.minor_to_direction_target
                0x000038e8       0x48 CMakeFiles/program.elf.dir/HAL/BT/bt.c.obj
 .text.location_to_event
                0x00003930       0x4e CMakeFiles/program.elf.dir/HAL/BT/bt.c.obj
 *fill*         0x0000397e        0x2 
 .text.oled_show_beacon_distance
                0x00003980       0xf4 CMakeFiles/program.elf.dir/HAL/BT/bt.c.obj
 .text.oled_show_right_direction
                0x00003a74       0xc4 CMakeFiles/program.elf.dir/HAL/BT/bt.c.obj
 .text.handle_direction_beacon
                0x00003b38       0xe4 CMakeFiles/program.elf.dir/HAL/BT/bt.c.obj
 .text.parse_hm10_ibeacon_line
                0x00003c1c      0x15c CMakeFiles/program.elf.dir/HAL/BT/bt.c.obj
 .text.bt_print_fixed_field
                0x00003d78       0x36 CMakeFiles/program.elf.dir/HAL/BT/bt.c.obj
 .text.send_at_command
                0x00003dae       0x32 CMakeFiles/program.elf.dir/HAL/BT/bt.c.obj
 .text.process_bt_line
                0x00003de0      0x158 CMakeFiles/program.elf.dir/HAL/BT/bt.c.obj
 .text.bt_finish_current_line
                0x00003f38       0x30 CMakeFiles/program.elf.dir/HAL/BT/bt.c.obj
 .text.bt_process_received_char
                0x00003f68       0x5c CMakeFiles/program.elf.dir/HAL/BT/bt.c.obj
 .text.bt_send_scan_command
                0x00003fc4       0x1c CMakeFiles/program.elf.dir/HAL/BT/bt.c.obj
 .text.bt_send_init_commands
                0x00003fe0       0x90 CMakeFiles/program.elf.dir/HAL/BT/bt.c.obj
 .text.bt_init  0x00004070       0xac CMakeFiles/program.elf.dir/HAL/BT/bt.c.obj
                0x00004070                bt_init
 .text.bt_update
                0x0000411c       0xbc CMakeFiles/program.elf.dir/HAL/BT/bt.c.obj
                0x0000411c                bt_update
 .text.bt_get_event
                0x000041d8       0x5c CMakeFiles/program.elf.dir/HAL/BT/bt.c.obj
                0x000041d8                bt_get_event
 .text.bt_detect_beacon
                0x00004234       0xfc CMakeFiles/program.elf.dir/HAL/BT/bt.c.obj
                0x00004234                bt_detect_beacon
 .text.bt_set_scanning_enabled
                0x00004330       0x78 CMakeFiles/program.elf.dir/HAL/BT/bt.c.obj
                0x00004330                bt_set_scanning_enabled
 .text.__NVIC_EnableIRQ
                0x000043a8       0x38 CMakeFiles/program.elf.dir/HAL/BT/lpuart2.c.obj
 .text.__NVIC_ClearPendingIRQ
                0x000043e0       0x3c CMakeFiles/program.elf.dir/HAL/BT/lpuart2.c.obj
 .text.__NVIC_SetPriority
                0x0000441c       0x54 CMakeFiles/program.elf.dir/HAL/BT/lpuart2.c.obj
 .text.lpuart2_init
                0x00004470       0xb8 CMakeFiles/program.elf.dir/HAL/BT/lpuart2.c.obj
                0x00004470                lpuart2_init
 .text.lpuart2_putchar
                0x00004528       0x44 CMakeFiles/program.elf.dir/HAL/BT/lpuart2.c.obj
                0x00004528                lpuart2_putchar
 .text.lpuart2_getchar
                0x0000456c       0x30 CMakeFiles/program.elf.dir/HAL/BT/lpuart2.c.obj
                0x0000456c                lpuart2_getchar
 .text.lpuart2_rxcnt
                0x0000459c       0x14 CMakeFiles/program.elf.dir/HAL/BT/lpuart2.c.obj
                0x0000459c                lpuart2_rxcnt
 .text.LPUART2_IRQHandler
                0x000045b0       0x70 CMakeFiles/program.elf.dir/HAL/BT/lpuart2.c.obj
                0x000045b0                LPUART2_IRQHandler
 .text.__NVIC_EnableIRQ
                0x00004620       0x38 CMakeFiles/program.elf.dir/HAL/BT/lpuart1.c.obj
 .text.__NVIC_ClearPendingIRQ
                0x00004658       0x3c CMakeFiles/program.elf.dir/HAL/BT/lpuart1.c.obj
 .text.__NVIC_SetPriority
                0x00004694       0x54 CMakeFiles/program.elf.dir/HAL/BT/lpuart1.c.obj
 .text.lpuart1_init
                0x000046e8       0xc4 CMakeFiles/program.elf.dir/HAL/BT/lpuart1.c.obj
                0x000046e8                lpuart1_init
 .text.lpuart1_putchar
                0x000047ac       0x44 CMakeFiles/program.elf.dir/HAL/BT/lpuart1.c.obj
                0x000047ac                lpuart1_putchar
 .text.lpuart1_getchar
                0x000047f0       0x30 CMakeFiles/program.elf.dir/HAL/BT/lpuart1.c.obj
                0x000047f0                lpuart1_getchar
 .text.lpuart1_rxcnt
                0x00004820       0x14 CMakeFiles/program.elf.dir/HAL/BT/lpuart1.c.obj
                0x00004820                lpuart1_rxcnt
 .text.LPUART1_IRQHandler
                0x00004834       0x70 CMakeFiles/program.elf.dir/HAL/BT/lpuart1.c.obj
                0x00004834                LPUART1_IRQHandler
 .text.hc05_init
                0x000048a4       0x16 CMakeFiles/program.elf.dir/HAL/BT/hc05.c.obj
                0x000048a4                hc05_init
 .text.hc05_update
                0x000048ba        0xc CMakeFiles/program.elf.dir/HAL/BT/hc05.c.obj
                0x000048ba                hc05_update
 .text.hc05_getchar
                0x000048c6       0x36 CMakeFiles/program.elf.dir/HAL/BT/hc05.c.obj
                0x000048c6                hc05_getchar
 .text.hc05_putchar
                0x000048fc       0x1a CMakeFiles/program.elf.dir/HAL/BT/hc05.c.obj
                0x000048fc                hc05_putchar
 .text.hc05_write_string
                0x00004916       0x32 CMakeFiles/program.elf.dir/HAL/BT/hc05.c.obj
                0x00004916                hc05_write_string
 .text.enable_port_gpio_clocks
                0x00004948       0xa0 CMakeFiles/program.elf.dir/HAL/Display/leds.c.obj
 .text.configure_output
                0x000049e8       0x36 CMakeFiles/program.elf.dir/HAL/Display/leds.c.obj
 .text.pin_write
                0x00004a1e       0x34 CMakeFiles/program.elf.dir/HAL/Display/leds.c.obj
 *fill*         0x00004a52        0x2 
 .text.rgb_set  0x00004a54       0x7c CMakeFiles/program.elf.dir/HAL/Display/leds.c.obj
 .text.rgb_red  0x00004ad0       0x1e CMakeFiles/program.elf.dir/HAL/Display/leds.c.obj
 .text.rgb_green
                0x00004aee       0x1e CMakeFiles/program.elf.dir/HAL/Display/leds.c.obj
 .text.rgb_yellow
                0x00004b0c       0x1e CMakeFiles/program.elf.dir/HAL/Display/leds.c.obj
 .text.rgb_off  0x00004b2a       0x1e CMakeFiles/program.elf.dir/HAL/Display/leds.c.obj
 .text.normal_led_write
                0x00004b48       0x2c CMakeFiles/program.elf.dir/HAL/Display/leds.c.obj
 .text.show_normal_map
                0x00004b74       0x8c CMakeFiles/program.elf.dir/HAL/Display/leds.c.obj
 .text.show_wrong_location_flash
                0x00004c00       0x50 CMakeFiles/program.elf.dir/HAL/Display/leds.c.obj
 .text.leds_init
                0x00004c50      0x128 CMakeFiles/program.elf.dir/HAL/Display/leds.c.obj
                0x00004c50                leds_init
 .text.leds_update_map
                0x00004d78       0x80 CMakeFiles/program.elf.dir/HAL/Display/leds.c.obj
                0x00004d78                leds_update_map
 .text.leds_set_active_puzzle
                0x00004df8       0x2c CMakeFiles/program.elf.dir/HAL/Display/leds.c.obj
                0x00004df8                leds_set_active_puzzle
 .text.leds_set_wrong_location_flash
                0x00004e24       0x40 CMakeFiles/program.elf.dir/HAL/Display/leds.c.obj
                0x00004e24                leds_set_wrong_location_flash
 .text.leds_normal_all_off
                0x00004e64       0x18 CMakeFiles/program.elf.dir/HAL/Display/leds.c.obj
                0x00004e64                leds_normal_all_off
 .text.leds_normal_red_on
                0x00004e7c       0x14 CMakeFiles/program.elf.dir/HAL/Display/leds.c.obj
                0x00004e7c                leds_normal_red_on
 .text.leds_normal_green_on
                0x00004e90       0x14 CMakeFiles/program.elf.dir/HAL/Display/leds.c.obj
                0x00004e90                leds_normal_green_on
 .text.leds_normal_blue_on
                0x00004ea4       0x14 CMakeFiles/program.elf.dir/HAL/Display/leds.c.obj
                0x00004ea4                leds_normal_blue_on
 .text.leds_normal_yellow_on
                0x00004eb8       0x14 CMakeFiles/program.elf.dir/HAL/Display/leds.c.obj
                0x00004eb8                leds_normal_yellow_on
 .text.leds_normal_red_off
                0x00004ecc       0x14 CMakeFiles/program.elf.dir/HAL/Display/leds.c.obj
                0x00004ecc                leds_normal_red_off
 .text.leds_normal_green_off
                0x00004ee0       0x14 CMakeFiles/program.elf.dir/HAL/Display/leds.c.obj
                0x00004ee0                leds_normal_green_off
 .text.leds_normal_blue_off
                0x00004ef4       0x14 CMakeFiles/program.elf.dir/HAL/Display/leds.c.obj
                0x00004ef4                leds_normal_blue_off
 .text.leds_normal_yellow_off
                0x00004f08       0x14 CMakeFiles/program.elf.dir/HAL/Display/leds.c.obj
                0x00004f08                leds_normal_yellow_off
 .text.oled_send_command
                0x00004f1c       0x20 CMakeFiles/program.elf.dir/HAL/Display/oled.c.obj
 .text.oled_send_commands
                0x00004f3c       0x30 CMakeFiles/program.elf.dir/HAL/Display/oled.c.obj
 .text.oled_send_data_chunk
                0x00004f6c       0x36 CMakeFiles/program.elf.dir/HAL/Display/oled.c.obj
 *fill*         0x00004fa2        0x2 
 .text.oled_set_full_window
                0x00004fa4       0x2c CMakeFiles/program.elf.dir/HAL/Display/oled.c.obj
 .text.oled_write_ram_command
                0x00004fd0       0x10 CMakeFiles/program.elf.dir/HAL/Display/oled.c.obj
 .text.oled_draw_pixel
                0x00004fe0       0x8c CMakeFiles/program.elf.dir/HAL/Display/oled.c.obj
 .text.oled_draw_scaled_pixel
                0x0000506c       0x68 CMakeFiles/program.elf.dir/HAL/Display/oled.c.obj
 .text.oled_to_upper
                0x000050d4       0x2a CMakeFiles/program.elf.dir/HAL/Display/oled.c.obj
 *fill*         0x000050fe        0x2 
 .text.font_get_char
                0x00005100      0x390 CMakeFiles/program.elf.dir/HAL/Display/oled.c.obj
 .text.oled_draw_char
                0x00005490       0x88 CMakeFiles/program.elf.dir/HAL/Display/oled.c.obj
 .text.oled_draw_string
                0x00005518       0x52 CMakeFiles/program.elf.dir/HAL/Display/oled.c.obj
 *fill*         0x0000556a        0x2 
 .text.oled_init
                0x0000556c       0x94 CMakeFiles/program.elf.dir/HAL/Display/oled.c.obj
                0x0000556c                oled_init
 .text.oled_clear
                0x00005600       0x34 CMakeFiles/program.elf.dir/HAL/Display/oled.c.obj
                0x00005600                oled_clear
 .text.oled_update
                0x00005634       0x9c CMakeFiles/program.elf.dir/HAL/Display/oled.c.obj
                0x00005634                oled_update
 .text.oled_display_string
                0x000056d0       0x42 CMakeFiles/program.elf.dir/HAL/Display/oled.c.obj
                0x000056d0                oled_display_string
 *fill*         0x00005712        0x2 
 .text.oled_display_value
                0x00005714       0x38 CMakeFiles/program.elf.dir/HAL/Display/oled.c.obj
                0x00005714                oled_display_value
 .text.lpi2c_clear_flags
                0x0000574c       0x18 CMakeFiles/program.elf.dir/HAL/Display/lpi2c.c.obj
 .text.lpi2c_has_error
                0x00005764       0x24 CMakeFiles/program.elf.dir/HAL/Display/lpi2c.c.obj
 .text.lpi2c_busy
                0x00005788       0x24 CMakeFiles/program.elf.dir/HAL/Display/lpi2c.c.obj
                0x00005788                lpi2c_busy
 .text.lpi2c_txfifo_full
                0x000057ac       0x2c CMakeFiles/program.elf.dir/HAL/Display/lpi2c.c.obj
 .text.lpi2c_wait_bus_free
                0x000057d8       0x32 CMakeFiles/program.elf.dir/HAL/Display/lpi2c.c.obj
 .text.lpi2c_wait_txfifo_not_full
                0x0000580a       0x40 CMakeFiles/program.elf.dir/HAL/Display/lpi2c.c.obj
 *fill*         0x0000584a        0x2 
 .text.lpi2c_reset_master
                0x0000584c       0x24 CMakeFiles/program.elf.dir/HAL/Display/lpi2c.c.obj
 .text.lpi2c_send_word
                0x00005870       0x40 CMakeFiles/program.elf.dir/HAL/Display/lpi2c.c.obj
 .text.lpi2c_controller_init
                0x000058b0       0xa4 CMakeFiles/program.elf.dir/HAL/Display/lpi2c.c.obj
                0x000058b0                lpi2c_controller_init
 .text.lpi2c_init
                0x00005954       0x14 CMakeFiles/program.elf.dir/HAL/Display/lpi2c.c.obj
                0x00005954                lpi2c_init
 .text.lpi2c_write
                0x00005968      0x178 CMakeFiles/program.elf.dir/HAL/Display/lpi2c.c.obj
                0x00005968                lpi2c_write
 .text.configure_button_pin
                0x00005ae0       0x24 CMakeFiles/program.elf.dir/HAL/Input/buttons.c.obj
 .text.read_pressed_mask
                0x00005b04       0x28 CMakeFiles/program.elf.dir/HAL/Input/buttons.c.obj
 .text.buttons_init
                0x00005b2c       0x84 CMakeFiles/program.elf.dir/HAL/Input/buttons.c.obj
                0x00005b2c                buttons_init
 .text.buttons_update
                0x00005bb0       0x7c CMakeFiles/program.elf.dir/HAL/Input/buttons.c.obj
                0x00005bb0                buttons_update
 .text.buttons_red_pressed
                0x00005c2c       0x24 CMakeFiles/program.elf.dir/HAL/Input/buttons.c.obj
                0x00005c2c                buttons_red_pressed
 .text.buttons_green_pressed
                0x00005c50       0x24 CMakeFiles/program.elf.dir/HAL/Input/buttons.c.obj
                0x00005c50                buttons_green_pressed
 .text.buttons_blue_pressed
                0x00005c74       0x24 CMakeFiles/program.elf.dir/HAL/Input/buttons.c.obj
                0x00005c74                buttons_blue_pressed
 .text.buttons_yellow_pressed
                0x00005c98       0x24 CMakeFiles/program.elf.dir/HAL/Input/buttons.c.obj
                0x00005c98                buttons_yellow_pressed
 .text.enable_port2_gpio2_clocks
                0x00005cbc       0x40 CMakeFiles/program.elf.dir/HAL/Input/keypad.c.obj
 .text.set_all_columns_high
                0x00005cfc       0x40 CMakeFiles/program.elf.dir/HAL/Input/keypad.c.obj
 .text.keypad_scan_now
                0x00005d3c       0xd8 CMakeFiles/program.elf.dir/HAL/Input/keypad.c.obj
 .text.keypad_init
                0x00005e14      0x114 CMakeFiles/program.elf.dir/HAL/Input/keypad.c.obj
                0x00005e14                keypad_init
 .text.keypad_update
                0x00005f28       0x30 CMakeFiles/program.elf.dir/HAL/Input/keypad.c.obj
                0x00005f28                keypad_update
 .text.keypad_getkey
                0x00005f58       0xe4 CMakeFiles/program.elf.dir/HAL/Input/keypad.c.obj
                0x00005f58                keypad_getkey
 .text.uint_to_string
                0x0000603c       0xa4 CMakeFiles/program.elf.dir/HAL/Storage/logger.c.obj
 .text.write_text
                0x000060e0       0x40 CMakeFiles/program.elf.dir/HAL/Storage/logger.c.obj
 .text.write_uint
                0x00006120       0x2c CMakeFiles/program.elf.dir/HAL/Storage/logger.c.obj
 .text.write_seconds_6_digits
                0x0000614c       0x7c CMakeFiles/program.elf.dir/HAL/Storage/logger.c.obj
 .text.run_time_seconds
                0x000061c8       0x48 CMakeFiles/program.elf.dir/HAL/Storage/logger.c.obj
 .text.open_log_file
                0x00006210       0x60 CMakeFiles/program.elf.dir/HAL/Storage/logger.c.obj
 .text.close_log_file
                0x00006270       0x28 CMakeFiles/program.elf.dir/HAL/Storage/logger.c.obj
 .text.write_prefix
                0x00006298       0x98 CMakeFiles/program.elf.dir/HAL/Storage/logger.c.obj
 .text.write_basic_line
                0x00006330       0xfc CMakeFiles/program.elf.dir/HAL/Storage/logger.c.obj
 .text.write_separator
                0x0000642c       0xc4 CMakeFiles/program.elf.dir/HAL/Storage/logger.c.obj
 .text.write_timing_line
                0x000064f0      0x1a4 CMakeFiles/program.elf.dir/HAL/Storage/logger.c.obj
 .text.logger_init
                0x00006694       0xa0 CMakeFiles/program.elf.dir/HAL/Storage/logger.c.obj
                0x00006694                logger_init
 .text.logger_update
                0x00006734       0x1c CMakeFiles/program.elf.dir/HAL/Storage/logger.c.obj
                0x00006734                logger_update
 .text.logger_is_available
                0x00006750       0x14 CMakeFiles/program.elf.dir/HAL/Storage/logger.c.obj
                0x00006750                logger_is_available
 .text.logger_log
                0x00006764       0x24 CMakeFiles/program.elf.dir/HAL/Storage/logger.c.obj
                0x00006764                logger_log
 .text.logger_log_event
                0x00006788       0x28 CMakeFiles/program.elf.dir/HAL/Storage/logger.c.obj
                0x00006788                logger_log_event
 .text.logger_log_settings
                0x000067b0       0x28 CMakeFiles/program.elf.dir/HAL/Storage/logger.c.obj
                0x000067b0                logger_log_settings
 .text.logger_log_input_char
                0x000067d8       0x5c CMakeFiles/program.elf.dir/HAL/Storage/logger.c.obj
                0x000067d8                logger_log_input_char
 .text.logger_start_run
                0x00006834       0x4c CMakeFiles/program.elf.dir/HAL/Storage/logger.c.obj
                0x00006834                logger_start_run
 .text.logger_end_run
                0x00006880       0x74 CMakeFiles/program.elf.dir/HAL/Storage/logger.c.obj
                0x00006880                logger_end_run
 .text.logger_location_search
                0x000068f4       0x3c CMakeFiles/program.elf.dir/HAL/Storage/logger.c.obj
                0x000068f4                logger_location_search
 .text.logger_location_found
                0x00006930       0x4c CMakeFiles/program.elf.dir/HAL/Storage/logger.c.obj
                0x00006930                logger_location_found
 .text.logger_puzzle_start
                0x0000697c       0x3c CMakeFiles/program.elf.dir/HAL/Storage/logger.c.obj
                0x0000697c                logger_puzzle_start
 .text.logger_puzzle_done
                0x000069b8       0x4c CMakeFiles/program.elf.dir/HAL/Storage/logger.c.obj
                0x000069b8                logger_puzzle_done
 .text.logger_puzzle_skip
                0x00006a04       0x4c CMakeFiles/program.elf.dir/HAL/Storage/logger.c.obj
                0x00006a04                logger_puzzle_skip
 .text.logger_set_unix_time
                0x00006a50       0x34 CMakeFiles/program.elf.dir/HAL/Storage/logger.c.obj
                0x00006a50                logger_set_unix_time
 .text.logger_set_datetime
                0x00006a84       0x2e CMakeFiles/program.elf.dir/HAL/Storage/logger.c.obj
                0x00006a84                logger_set_datetime
 .text.ld_word  0x00006ab2       0x30 CMakeFiles/program.elf.dir/FatFS/ff.c.obj
 .text.ld_dword
                0x00006ae2       0x44 CMakeFiles/program.elf.dir/FatFS/ff.c.obj
 .text.st_word  0x00006b26       0x34 CMakeFiles/program.elf.dir/FatFS/ff.c.obj
 .text.st_dword
                0x00006b5a       0x56 CMakeFiles/program.elf.dir/FatFS/ff.c.obj
 .text.dbc_1st  0x00006bb0       0x20 CMakeFiles/program.elf.dir/FatFS/ff.c.obj
 .text.dbc_2nd  0x00006bd0       0x20 CMakeFiles/program.elf.dir/FatFS/ff.c.obj
 .text.sync_window
                0x00006bf0       0x78 CMakeFiles/program.elf.dir/FatFS/ff.c.obj
 .text.move_window
                0x00006c68       0x5a CMakeFiles/program.elf.dir/FatFS/ff.c.obj
 *fill*         0x00006cc2        0x2 
 .text.sync_fs  0x00006cc4       0xe0 CMakeFiles/program.elf.dir/FatFS/ff.c.obj
 .text.clst2sect
                0x00006da4       0x3c CMakeFiles/program.elf.dir/FatFS/ff.c.obj
 .text.get_fat  0x00006de0      0x150 CMakeFiles/program.elf.dir/FatFS/ff.c.obj
 .text.put_fat  0x00006f30      0x1d4 CMakeFiles/program.elf.dir/FatFS/ff.c.obj
 .text.remove_chain
                0x00007104       0xca CMakeFiles/program.elf.dir/FatFS/ff.c.obj
 .text.create_chain
                0x000071ce      0x1ac CMakeFiles/program.elf.dir/FatFS/ff.c.obj
 .text.dir_clear
                0x0000737a       0x90 CMakeFiles/program.elf.dir/FatFS/ff.c.obj
 .text.dir_sdi  0x0000740a       0xf6 CMakeFiles/program.elf.dir/FatFS/ff.c.obj
 .text.dir_next
                0x00007500      0x12c CMakeFiles/program.elf.dir/FatFS/ff.c.obj
 .text.dir_alloc
                0x0000762c       0x8e CMakeFiles/program.elf.dir/FatFS/ff.c.obj
 .text.ld_clust
                0x000076ba       0x3e CMakeFiles/program.elf.dir/FatFS/ff.c.obj
 .text.st_clust
                0x000076f8       0x40 CMakeFiles/program.elf.dir/FatFS/ff.c.obj
 .text.dir_find
                0x00007738       0xaa CMakeFiles/program.elf.dir/FatFS/ff.c.obj
 .text.dir_register
                0x000077e2       0x64 CMakeFiles/program.elf.dir/FatFS/ff.c.obj
 *fill*         0x00007846        0x2 
 .text.create_name
                0x00007848      0x1b0 CMakeFiles/program.elf.dir/FatFS/ff.c.obj
 .text.follow_path
                0x000079f8       0xde CMakeFiles/program.elf.dir/FatFS/ff.c.obj
 .text.get_ldnumber
                0x00007ad6       0x82 CMakeFiles/program.elf.dir/FatFS/ff.c.obj
 .text.check_fs
                0x00007b58      0x148 CMakeFiles/program.elf.dir/FatFS/ff.c.obj
 .text.find_volume
                0x00007ca0       0xc2 CMakeFiles/program.elf.dir/FatFS/ff.c.obj
 *fill*         0x00007d62        0x2 
 .text.mount_volume
                0x00007d64      0x3f8 CMakeFiles/program.elf.dir/FatFS/ff.c.obj
 .text.validate
                0x0000815c       0x6a CMakeFiles/program.elf.dir/FatFS/ff.c.obj
 *fill*         0x000081c6        0x2 
 .text.f_mount  0x000081c8       0x94 CMakeFiles/program.elf.dir/FatFS/ff.c.obj
                0x000081c8                f_mount
 .text.f_open   0x0000825c      0x2e0 CMakeFiles/program.elf.dir/FatFS/ff.c.obj
                0x0000825c                f_open
 .text.f_write  0x0000853c      0x2ba CMakeFiles/program.elf.dir/FatFS/ff.c.obj
                0x0000853c                f_write
 *fill*         0x000087f6        0x2 
 .text.f_sync   0x000087f8       0xc8 CMakeFiles/program.elf.dir/FatFS/ff.c.obj
                0x000087f8                f_sync
 .text.f_close  0x000088c0       0x40 CMakeFiles/program.elf.dir/FatFS/ff.c.obj
                0x000088c0                f_close
 .text.f_lseek  0x00008900      0x1fc CMakeFiles/program.elf.dir/FatFS/ff.c.obj
                0x00008900                f_lseek
 .text.dly_ms   0x00008afc       0x30 CMakeFiles/program.elf.dir/FatFS/diskio.c.obj
 .text.xmit_mmc
                0x00008b2c       0x1a CMakeFiles/program.elf.dir/FatFS/diskio.c.obj
 .text.rcvr_mmc
                0x00008b46       0x1a CMakeFiles/program.elf.dir/FatFS/diskio.c.obj
 .text.wait_ready
                0x00008b60       0x48 CMakeFiles/program.elf.dir/FatFS/diskio.c.obj
 .text.deselect
                0x00008ba8       0x24 CMakeFiles/program.elf.dir/FatFS/diskio.c.obj
 .text.select   0x00008bcc       0x38 CMakeFiles/program.elf.dir/FatFS/diskio.c.obj
 .text.rcvr_datablock
                0x00008c04       0x60 CMakeFiles/program.elf.dir/FatFS/diskio.c.obj
 .text.xmit_datablock
                0x00008c64       0x6a CMakeFiles/program.elf.dir/FatFS/diskio.c.obj
 .text.send_cmd
                0x00008cce       0xda CMakeFiles/program.elf.dir/FatFS/diskio.c.obj
 .text.disk_status
                0x00008da8       0x28 CMakeFiles/program.elf.dir/FatFS/diskio.c.obj
                0x00008da8                disk_status
 .text.disk_initialize
                0x00008dd0      0x178 CMakeFiles/program.elf.dir/FatFS/diskio.c.obj
                0x00008dd0                disk_initialize
 .text.disk_read
                0x00008f48       0xb0 CMakeFiles/program.elf.dir/FatFS/diskio.c.obj
                0x00008f48                disk_read
 .text.disk_write
                0x00008ff8       0xdc CMakeFiles/program.elf.dir/FatFS/diskio.c.obj
                0x00008ff8                disk_write
 .text.disk_ioctl
                0x000090d4      0x116 CMakeFiles/program.elf.dir/FatFS/diskio.c.obj
                0x000090d4                disk_ioctl
 *fill*         0x000091ea        0x2 
 .text.lpspi_master_init
                0x000091ec       0xb8 CMakeFiles/program.elf.dir/FatFS/lpspi_master.c.obj
                0x000091ec                lpspi_master_init
 .text.lpspi_busy
                0x000092a4       0x20 CMakeFiles/program.elf.dir/FatFS/lpspi_master.c.obj
                0x000092a4                lpspi_busy
 .text.lpspi_transmit
                0x000092c4       0xd8 CMakeFiles/program.elf.dir/FatFS/lpspi_master.c.obj
                0x000092c4                lpspi_transmit
 .text.lpspi_receive
                0x0000939c       0x1c CMakeFiles/program.elf.dir/FatFS/lpspi_master.c.obj
                0x0000939c                lpspi_receive
 .text.lpspi_transceive
                0x000093b8      0x110 CMakeFiles/program.elf.dir/FatFS/lpspi_master.c.obj
                0x000093b8                lpspi_transceive
 .text.lpspi_set_dummy
                0x000094c8       0x20 CMakeFiles/program.elf.dir/FatFS/lpspi_master.c.obj
                0x000094c8                lpspi_set_dummy
 .text.lpspi0_txfifo_full
                0x000094e8       0x2c CMakeFiles/program.elf.dir/FatFS/lpspi_master.c.obj
 .text.lpspi0_rxfifo_empty
                0x00009514       0x2c CMakeFiles/program.elf.dir/FatFS/lpspi_master.c.obj
 .text.puzzle_handler_start
                0x00009540       0x56 CMakeFiles/program.elf.dir/Puzzles/puzzle_handler.c.obj
                0x00009540                puzzle_handler_start
 .text.puzzle_handler_update
                0x00009596       0x60 CMakeFiles/program.elf.dir/Puzzles/puzzle_handler.c.obj
                0x00009596                puzzle_handler_update
 .text.puzzle_handler_handle_key
                0x000095f6       0x4c CMakeFiles/program.elf.dir/Puzzles/puzzle_handler.c.obj
                0x000095f6                puzzle_handler_handle_key
 .text.puzzle_handler_handle_button
                0x00009642       0x4c CMakeFiles/program.elf.dir/Puzzles/puzzle_handler.c.obj
                0x00009642                puzzle_handler_handle_button
 .text.print_serial
                0x0000968e       0x2a CMakeFiles/program.elf.dir/Puzzles/puzzle1_math.c.obj
 .text.print_int
                0x000096b8       0xa0 CMakeFiles/program.elf.dir/Puzzles/puzzle1_math.c.obj
 .text.int_to_string
                0x00009758       0xcc CMakeFiles/program.elf.dir/Puzzles/puzzle1_math.c.obj
 .text.append_string
                0x00009824       0x72 CMakeFiles/program.elf.dir/Puzzles/puzzle1_math.c.obj
 .text.append_int
                0x00009896       0x2e CMakeFiles/program.elf.dir/Puzzles/puzzle1_math.c.obj
 .text.is_dutch
                0x000098c4       0x18 CMakeFiles/program.elf.dir/Puzzles/puzzle1_math.c.obj
 .text.random_next
                0x000098dc       0x2c CMakeFiles/program.elf.dir/Puzzles/puzzle1_math.c.obj
 .text.random_init
                0x00009908       0x30 CMakeFiles/program.elf.dir/Puzzles/puzzle1_math.c.obj
 .text.random_range
                0x00009938       0x36 CMakeFiles/program.elf.dir/Puzzles/puzzle1_math.c.obj
 *fill*         0x0000996e        0x2 
 .text.reset_input
                0x00009970       0x3c CMakeFiles/program.elf.dir/Puzzles/puzzle1_math.c.obj
 .text.input_to_int
                0x000099ac       0x78 CMakeFiles/program.elf.dir/Puzzles/puzzle1_math.c.obj
 .text.generate_problem
                0x00009a24       0x78 CMakeFiles/program.elf.dir/Puzzles/puzzle1_math.c.obj
 .text.show_problem_oled
                0x00009a9c      0x17c CMakeFiles/program.elf.dir/Puzzles/puzzle1_math.c.obj
 .text.print_problem_serial
                0x00009c18      0x144 CMakeFiles/program.elf.dir/Puzzles/puzzle1_math.c.obj
 .text.puzzle1_math_start
                0x00009d5c       0x78 CMakeFiles/program.elf.dir/Puzzles/puzzle1_math.c.obj
                0x00009d5c                puzzle1_math_start
 .text.puzzle1_math_update
                0x00009dd4       0x14 CMakeFiles/program.elf.dir/Puzzles/puzzle1_math.c.obj
                0x00009dd4                puzzle1_math_update
 .text.puzzle1_math_handle_key
                0x00009de8      0x150 CMakeFiles/program.elf.dir/Puzzles/puzzle1_math.c.obj
                0x00009de8                puzzle1_math_handle_key
 .text.print_serial
                0x00009f38       0x2a CMakeFiles/program.elf.dir/Puzzles/puzzle2_morsecode.c.obj
 *fill*         0x00009f62        0x2 
 .text.random_next
                0x00009f64       0x2c CMakeFiles/program.elf.dir/Puzzles/puzzle2_morsecode.c.obj
 .text.random_init
                0x00009f90       0x30 CMakeFiles/program.elf.dir/Puzzles/puzzle2_morsecode.c.obj
 .text.generate_random_color
                0x00009fc0       0x20 CMakeFiles/program.elf.dir/Puzzles/puzzle2_morsecode.c.obj
 .text.generate_random_number_code
                0x00009fe0       0x80 CMakeFiles/program.elf.dir/Puzzles/puzzle2_morsecode.c.obj
 .text.morse_for_char
                0x0000a060      0x2ac CMakeFiles/program.elf.dir/Puzzles/puzzle2_morsecode.c.obj
 .text.append_char_to_morse
                0x0000a30c       0x4c CMakeFiles/program.elf.dir/Puzzles/puzzle2_morsecode.c.obj
 .text.append_string_to_morse
                0x0000a358       0x2c CMakeFiles/program.elf.dir/Puzzles/puzzle2_morsecode.c.obj
 .text.make_morse_text
                0x0000a384       0x4c CMakeFiles/program.elf.dir/Puzzles/puzzle2_morsecode.c.obj
 .text.get_color_word
                0x0000a3d0       0x38 CMakeFiles/program.elf.dir/Puzzles/puzzle2_morsecode.c.obj
 .text.reset_input
                0x0000a408       0x38 CMakeFiles/program.elf.dir/Puzzles/puzzle2_morsecode.c.obj
 .text.number_answer_correct
                0x0000a440       0x40 CMakeFiles/program.elf.dir/Puzzles/puzzle2_morsecode.c.obj
 .text.show_current_clue
                0x0000a480      0x17c CMakeFiles/program.elf.dir/Puzzles/puzzle2_morsecode.c.obj
 .text.play_current_clue
                0x0000a5fc       0x2c CMakeFiles/program.elf.dir/Puzzles/puzzle2_morsecode.c.obj
 .text.puzzle2_morsecode_start
                0x0000a628      0x10c CMakeFiles/program.elf.dir/Puzzles/puzzle2_morsecode.c.obj
                0x0000a628                puzzle2_morsecode_start
 .text.puzzle2_morsecode_update
                0x0000a734       0x28 CMakeFiles/program.elf.dir/Puzzles/puzzle2_morsecode.c.obj
                0x0000a734                puzzle2_morsecode_update
 .text.puzzle2_morsecode_handle_key
                0x0000a75c      0x1b8 CMakeFiles/program.elf.dir/Puzzles/puzzle2_morsecode.c.obj
                0x0000a75c                puzzle2_morsecode_handle_key
 .text.puzzle2_morsecode_handle_button
                0x0000a914       0xb8 CMakeFiles/program.elf.dir/Puzzles/puzzle2_morsecode.c.obj
                0x0000a914                puzzle2_morsecode_handle_button
 .text.print_serial
                0x0000a9cc       0x2a CMakeFiles/program.elf.dir/Puzzles/puzzle3_code.c.obj
 .text.is_dutch
                0x0000a9f6       0x18 CMakeFiles/program.elf.dir/Puzzles/puzzle3_code.c.obj
 *fill*         0x0000aa0e        0x2 
 .text.reset_input
                0x0000aa10       0x38 CMakeFiles/program.elf.dir/Puzzles/puzzle3_code.c.obj
 .text.strings_equal
                0x0000aa48       0x58 CMakeFiles/program.elf.dir/Puzzles/puzzle3_code.c.obj
 .text.print_code_digits
                0x0000aaa0       0x44 CMakeFiles/program.elf.dir/Puzzles/puzzle3_code.c.obj
 .text.show_easy
                0x0000aae4       0xfc CMakeFiles/program.elf.dir/Puzzles/puzzle3_code.c.obj
 .text.show_hard
                0x0000abe0       0xdc CMakeFiles/program.elf.dir/Puzzles/puzzle3_code.c.obj
 .text.solved   0x0000acbc       0x68 CMakeFiles/program.elf.dir/Puzzles/puzzle3_code.c.obj
 .text.wrong    0x0000ad24       0x4c CMakeFiles/program.elf.dir/Puzzles/puzzle3_code.c.obj
 .text.puzzle3_code_start
                0x0000ad70       0x2c CMakeFiles/program.elf.dir/Puzzles/puzzle3_code.c.obj
                0x0000ad70                puzzle3_code_start
 .text.puzzle3_code_update
                0x0000ad9c       0x14 CMakeFiles/program.elf.dir/Puzzles/puzzle3_code.c.obj
                0x0000ad9c                puzzle3_code_update
 .text.puzzle3_code_handle_key
                0x0000adb0      0x134 CMakeFiles/program.elf.dir/Puzzles/puzzle3_code.c.obj
                0x0000adb0                puzzle3_code_handle_key
 .text.print_serial
                0x0000aee4       0x2a CMakeFiles/program.elf.dir/Puzzles/puzzle4_sequence.c.obj
 .text.is_dutch
                0x0000af0e       0x18 CMakeFiles/program.elf.dir/Puzzles/puzzle4_sequence.c.obj
 .text.sequence_length
                0x0000af26       0x18 CMakeFiles/program.elf.dir/Puzzles/puzzle4_sequence.c.obj
 *fill*         0x0000af3e        0x2 
 .text.random_next
                0x0000af40       0x2c CMakeFiles/program.elf.dir/Puzzles/puzzle4_sequence.c.obj
 .text.random_button
                0x0000af6c       0x18 CMakeFiles/program.elf.dir/Puzzles/puzzle4_sequence.c.obj
 .text.generate_sequence
                0x0000af84       0xc8 CMakeFiles/program.elf.dir/Puzzles/puzzle4_sequence.c.obj
 .text.sequence_value
                0x0000b04c       0x30 CMakeFiles/program.elf.dir/Puzzles/puzzle4_sequence.c.obj
 .text.print_button_name
                0x0000b07c       0xc4 CMakeFiles/program.elf.dir/Puzzles/puzzle4_sequence.c.obj
 .text.normal_led_on_for_button
                0x0000b140       0x44 CMakeFiles/program.elf.dir/Puzzles/puzzle4_sequence.c.obj
 .text.start_button_feedback
                0x0000b184       0x38 CMakeFiles/program.elf.dir/Puzzles/puzzle4_sequence.c.obj
 .text.print_sequence
                0x0000b1bc       0x7c CMakeFiles/program.elf.dir/Puzzles/puzzle4_sequence.c.obj
 .text.show_oled_info
                0x0000b238       0x88 CMakeFiles/program.elf.dir/Puzzles/puzzle4_sequence.c.obj
 .text.playback_restart
                0x0000b2c0       0x44 CMakeFiles/program.elf.dir/Puzzles/puzzle4_sequence.c.obj
 .text.playback_update
                0x0000b304       0xdc CMakeFiles/program.elf.dir/Puzzles/puzzle4_sequence.c.obj
 .text.puzzle4_sequence_start
                0x0000b3e0       0xb8 CMakeFiles/program.elf.dir/Puzzles/puzzle4_sequence.c.obj
                0x0000b3e0                puzzle4_sequence_start
 .text.puzzle4_sequence_update
                0x0000b498       0x14 CMakeFiles/program.elf.dir/Puzzles/puzzle4_sequence.c.obj
                0x0000b498                puzzle4_sequence_update
 .text.puzzle4_sequence_handle_button
                0x0000b4ac      0x170 CMakeFiles/program.elf.dir/Puzzles/puzzle4_sequence.c.obj
                0x0000b4ac                puzzle4_sequence_handle_button
 .text.print_serial
                0x0000b61c       0x2a CMakeFiles/program.elf.dir/Puzzles/puzzle5_color.c.obj
 *fill*         0x0000b646        0x2 
 .text.random_next
                0x0000b648       0x2c CMakeFiles/program.elf.dir/Puzzles/puzzle5_color.c.obj
 .text.random_init
                0x0000b674       0x30 CMakeFiles/program.elf.dir/Puzzles/puzzle5_color.c.obj
 .text.is_dutch
                0x0000b6a4       0x18 CMakeFiles/program.elf.dir/Puzzles/puzzle5_color.c.obj
 .text.print_button_name
                0x0000b6bc       0xc4 CMakeFiles/program.elf.dir/Puzzles/puzzle5_color.c.obj
 .text.clue_line1_english
                0x0000b780       0x44 CMakeFiles/program.elf.dir/Puzzles/puzzle5_color.c.obj
 .text.clue_line2_english
                0x0000b7c4       0x44 CMakeFiles/program.elf.dir/Puzzles/puzzle5_color.c.obj
 .text.clue_line1_dutch
                0x0000b808       0x44 CMakeFiles/program.elf.dir/Puzzles/puzzle5_color.c.obj
 .text.clue_line2_dutch
                0x0000b84c       0x44 CMakeFiles/program.elf.dir/Puzzles/puzzle5_color.c.obj
 .text.get_clue_line1
                0x0000b890       0x30 CMakeFiles/program.elf.dir/Puzzles/puzzle5_color.c.obj
 .text.get_clue_line2
                0x0000b8c0       0x30 CMakeFiles/program.elf.dir/Puzzles/puzzle5_color.c.obj
 .text.show_clue_on_oled
                0x0000b8f0       0x90 CMakeFiles/program.elf.dir/Puzzles/puzzle5_color.c.obj
 .text.puzzle5_color_start
                0x0000b980      0x110 CMakeFiles/program.elf.dir/Puzzles/puzzle5_color.c.obj
                0x0000b980                puzzle5_color_start
 .text.puzzle5_color_update
                0x0000ba90       0x14 CMakeFiles/program.elf.dir/Puzzles/puzzle5_color.c.obj
                0x0000ba90                puzzle5_color_update
 .text.puzzle5_color_handle_button
                0x0000baa4       0xd0 CMakeFiles/program.elf.dir/Puzzles/puzzle5_color.c.obj
                0x0000baa4                puzzle5_color_handle_button
 .text.exit     0x0000bb74       0x24 C:/Program Files/arm/bin/../lib/gcc/arm-none-eabi/15.2.1/../../../../arm-none-eabi/lib/thumb/v8-m.main/nofp\libc_nano.a(libc_a-exit.o)
                0x0000bb74                exit
 .text.snprintf
                0x0000bb98       0x64 C:/Program Files/arm/bin/../lib/gcc/arm-none-eabi/15.2.1/../../../../arm-none-eabi/lib/thumb/v8-m.main/nofp\libc_nano.a(libc_a-snprintf.o)
                0x0000bb98                sniprintf
                0x0000bb98                snprintf
 .text.memcmp   0x0000bbfc       0x20 C:/Program Files/arm/bin/../lib/gcc/arm-none-eabi/15.2.1/../../../../arm-none-eabi/lib/thumb/v8-m.main/nofp\libc_nano.a(libc_a-memcmp.o)
                0x0000bbfc                memcmp
 .text.memset   0x0000bc1c       0x10 C:/Program Files/arm/bin/../lib/gcc/arm-none-eabi/15.2.1/../../../../arm-none-eabi/lib/thumb/v8-m.main/nofp\libc_nano.a(libc_a-memset.o)
                0x0000bc1c                memset
 .text.strchr   0x0000bc2c       0x1c C:/Program Files/arm/bin/../lib/gcc/arm-none-eabi/15.2.1/../../../../arm-none-eabi/lib/thumb/v8-m.main/nofp\libc_nano.a(libc_a-strchr.o)
                0x0000bc2c                strchr
 .text.__errno  0x0000bc48        0xc C:/Program Files/arm/bin/../lib/gcc/arm-none-eabi/15.2.1/../../../../arm-none-eabi/lib/thumb/v8-m.main/nofp\libc_nano.a(libc_a-errno.o)
                0x0000bc48                __errno
 .text.__libc_init_array
                0x0000bc54       0x48 C:/Program Files/arm/bin/../lib/gcc/arm-none-eabi/15.2.1/../../../../arm-none-eabi/lib/thumb/v8-m.main/nofp\libc_nano.a(libc_a-init.o)
                0x0000bc54                __libc_init_array
 .text.__retarget_lock_acquire_recursive
                0x0000bc9c        0x2 C:/Program Files/arm/bin/../lib/gcc/arm-none-eabi/15.2.1/../../../../arm-none-eabi/lib/thumb/v8-m.main/nofp\libc_nano.a(libc_a-lock.o)
                0x0000bc9c                __retarget_lock_acquire_recursive
 .text.__retarget_lock_release_recursive
                0x0000bc9e        0x2 C:/Program Files/arm/bin/../lib/gcc/arm-none-eabi/15.2.1/../../../../arm-none-eabi/lib/thumb/v8-m.main/nofp\libc_nano.a(libc_a-lock.o)
                0x0000bc9e                __retarget_lock_release_recursive
 .text._free_r  0x0000bca0       0x98 C:/Program Files/arm/bin/../lib/gcc/arm-none-eabi/15.2.1/../../../../arm-none-eabi/lib/thumb/v8-m.main/nofp\libc_nano.a(libc_a-freer.o)
                0x0000bca0                _free_r
 .text.sbrk_aligned
                0x0000bd38       0x44 C:/Program Files/arm/bin/../lib/gcc/arm-none-eabi/15.2.1/../../../../arm-none-eabi/lib/thumb/v8-m.main/nofp\libc_nano.a(libc_a-mallocr.o)
 .text._malloc_r
                0x0000bd7c       0xf8 C:/Program Files/arm/bin/../lib/gcc/arm-none-eabi/15.2.1/../../../../arm-none-eabi/lib/thumb/v8-m.main/nofp\libc_nano.a(libc_a-mallocr.o)
                0x0000bd7c                _malloc_r
 .text.__malloc_lock
                0x0000be74        0xc C:/Program Files/arm/bin/../lib/gcc/arm-none-eabi/15.2.1/../../../../arm-none-eabi/lib/thumb/v8-m.main/nofp\libc_nano.a(libc_a-mlock.o)
                0x0000be74                __malloc_lock
 .text.__malloc_unlock
                0x0000be80        0xc C:/Program Files/arm/bin/../lib/gcc/arm-none-eabi/15.2.1/../../../../arm-none-eabi/lib/thumb/v8-m.main/nofp\libc_nano.a(libc_a-mlock.o)
                0x0000be80                __malloc_unlock
 .text.__ssputs_r
                0x0000be8c       0xc0 C:/Program Files/arm/bin/../lib/gcc/arm-none-eabi/15.2.1/../../../../arm-none-eabi/lib/thumb/v8-m.main/nofp\libc_nano.a(libc_a-nano-svfprintf.o)
                0x0000be8c                __ssputs_r
 .text._svfprintf_r
                0x0000bf4c      0x1f0 C:/Program Files/arm/bin/../lib/gcc/arm-none-eabi/15.2.1/../../../../arm-none-eabi/lib/thumb/v8-m.main/nofp\libc_nano.a(libc_a-nano-svfprintf.o)
                0x0000bf4c                _svfiprintf_r
                0x0000bf4c                _svfprintf_r
 .text._printf_common
                0x0000c13c       0xf4 C:/Program Files/arm/bin/../lib/gcc/arm-none-eabi/15.2.1/../../../../arm-none-eabi/lib/thumb/v8-m.main/nofp\libc_nano.a(libc_a-nano-vfprintf_i.o)
                0x0000c13c                _printf_common
 .text._printf_i
                0x0000c230      0x254 C:/Program Files/arm/bin/../lib/gcc/arm-none-eabi/15.2.1/../../../../arm-none-eabi/lib/thumb/v8-m.main/nofp\libc_nano.a(libc_a-nano-vfprintf_i.o)
                0x0000c230                _printf_i
 .text.memmove  0x0000c484       0x32 C:/Program Files/arm/bin/../lib/gcc/arm-none-eabi/15.2.1/../../../../arm-none-eabi/lib/thumb/v8-m.main/nofp\libc_nano.a(libc_a-memmove.o)
                0x0000c484                memmove
 *fill*         0x0000c4b6        0x2 
 .text._sbrk_r  0x0000c4b8       0x20 C:/Program Files/arm/bin/../lib/gcc/arm-none-eabi/15.2.1/../../../../arm-none-eabi/lib/thumb/v8-m.main/nofp\libc_nano.a(libc_a-sbrkr.o)
                0x0000c4b8                _sbrk_r
 .text.memchr   0x0000c4d8       0x1c C:/Program Files/arm/bin/../lib/gcc/arm-none-eabi/15.2.1/../../../../arm-none-eabi/lib/thumb/v8-m.main/nofp\libc_nano.a(libc_a-memchr-stub.o)
                0x0000c4d8                memchr
 .text._realloc_r
                0x0000c4f4       0x5c C:/Program Files/arm/bin/../lib/gcc/arm-none-eabi/15.2.1/../../../../arm-none-eabi/lib/thumb/v8-m.main/nofp\libc_nano.a(libc_a-reallocr.o)
                0x0000c4f4                _realloc_r
 .text._malloc_usable_size_r
                0x0000c550       0x10 C:/Program Files/arm/bin/../lib/gcc/arm-none-eabi/15.2.1/../../../../arm-none-eabi/lib/thumb/v8-m.main/nofp\libc_nano.a(libc_a-msizer.o)
                0x0000c550                _malloc_usable_size_r
 .text._exit    0x0000c560        0x4 C:/Program Files/arm/bin/../lib/gcc/arm-none-eabi/15.2.1/../../../../arm-none-eabi/lib/thumb/v8-m.main/nofp\libnosys.a(_exit.o)
                0x0000c560                _exit
 *(.rodata)
 .rodata        0x0000c564      0x520 CMakeFiles/program.elf.dir/App/app.c.obj
 .rodata        0x0000ca84      0x11e CMakeFiles/program.elf.dir/App/events.c.obj
 *fill*         0x0000cba2        0x2 
 .rodata        0x0000cba4      0x494 CMakeFiles/program.elf.dir/App/fsm.c.obj
 .rodata        0x0000d038       0x26 CMakeFiles/program.elf.dir/App/settings.c.obj
 *fill*         0x0000d05e        0x2 
 .rodata        0x0000d060       0xe9 CMakeFiles/program.elf.dir/HAL/Audio/buzzer.c.obj
 *fill*         0x0000d149        0x3 
 .rodata        0x0000d14c      0x42c CMakeFiles/program.elf.dir/HAL/BT/bt.c.obj
 .rodata        0x0000d578       0x34 CMakeFiles/program.elf.dir/HAL/Display/oled.c.obj
 .rodata        0x0000d5ac      0x115 CMakeFiles/program.elf.dir/HAL/Storage/logger.c.obj
 *fill*         0x0000d6c1        0x3 
 .rodata        0x0000d6c4       0x19 CMakeFiles/program.elf.dir/FatFS/ff.c.obj
 *fill*         0x0000d6dd        0x3 
 .rodata        0x0000d6e0      0x273 CMakeFiles/program.elf.dir/Puzzles/puzzle1_math.c.obj
 *fill*         0x0000d953        0x1 
 .rodata        0x0000d954      0x569 CMakeFiles/program.elf.dir/Puzzles/puzzle2_morsecode.c.obj
 *fill*         0x0000debd        0x3 
 .rodata        0x0000dec0      0x2ed CMakeFiles/program.elf.dir/Puzzles/puzzle3_code.c.obj
 *fill*         0x0000e1ad        0x3 
 .rodata        0x0000e1b0      0x2da CMakeFiles/program.elf.dir/Puzzles/puzzle4_sequence.c.obj
 *fill*         0x0000e48a        0x2 
 .rodata        0x0000e48c      0x2ca CMakeFiles/program.elf.dir/Puzzles/puzzle5_color.c.obj
 *(.rodata*)
 *fill*         0x0000e756        0x2 
 .rodata.location_leds
                0x0000e758       0x78 CMakeFiles/program.elf.dir/HAL/Display/leds.c.obj
 .rodata.normal_red_led
                0x0000e7d0        0xc CMakeFiles/program.elf.dir/HAL/Display/leds.c.obj
 .rodata.normal_green_led
                0x0000e7dc        0xc CMakeFiles/program.elf.dir/HAL/Display/leds.c.obj
 .rodata.normal_blue_led
                0x0000e7e8        0xc CMakeFiles/program.elf.dir/HAL/Display/leds.c.obj
 .rodata.normal_yellow_led
                0x0000e7f4        0xc CMakeFiles/program.elf.dir/HAL/Display/leds.c.obj
 .rodata.C_A.46
                0x0000e800        0x5 CMakeFiles/program.elf.dir/HAL/Display/oled.c.obj
 *fill*         0x0000e805        0x3 
 .rodata.C_B.45
                0x0000e808        0x5 CMakeFiles/program.elf.dir/HAL/Display/oled.c.obj
 *fill*         0x0000e80d        0x3 
 .rodata.C_C.44
                0x0000e810        0x5 CMakeFiles/program.elf.dir/HAL/Display/oled.c.obj
 *fill*         0x0000e815        0x3 
 .rodata.C_D.43
                0x0000e818        0x5 CMakeFiles/program.elf.dir/HAL/Display/oled.c.obj
 *fill*         0x0000e81d        0x3 
 .rodata.C_E.42
                0x0000e820        0x5 CMakeFiles/program.elf.dir/HAL/Display/oled.c.obj
 *fill*         0x0000e825        0x3 
 .rodata.C_F.41
                0x0000e828        0x5 CMakeFiles/program.elf.dir/HAL/Display/oled.c.obj
 *fill*         0x0000e82d        0x3 
 .rodata.C_G.40
                0x0000e830        0x5 CMakeFiles/program.elf.dir/HAL/Display/oled.c.obj
 *fill*         0x0000e835        0x3 
 .rodata.C_H.39
                0x0000e838        0x5 CMakeFiles/program.elf.dir/HAL/Display/oled.c.obj
 *fill*         0x0000e83d        0x3 
 .rodata.C_I.38
                0x0000e840        0x5 CMakeFiles/program.elf.dir/HAL/Display/oled.c.obj
 *fill*         0x0000e845        0x3 
 .rodata.C_J.37
                0x0000e848        0x5 CMakeFiles/program.elf.dir/HAL/Display/oled.c.obj
 *fill*         0x0000e84d        0x3 
 .rodata.C_K.36
                0x0000e850        0x5 CMakeFiles/program.elf.dir/HAL/Display/oled.c.obj
 *fill*         0x0000e855        0x3 
 .rodata.C_L.35
                0x0000e858        0x5 CMakeFiles/program.elf.dir/HAL/Display/oled.c.obj
 *fill*         0x0000e85d        0x3 
 .rodata.C_M.34
                0x0000e860        0x5 CMakeFiles/program.elf.dir/HAL/Display/oled.c.obj
 *fill*         0x0000e865        0x3 
 .rodata.C_N.33
                0x0000e868        0x5 CMakeFiles/program.elf.dir/HAL/Display/oled.c.obj
 *fill*         0x0000e86d        0x3 
 .rodata.C_O.32
                0x0000e870        0x5 CMakeFiles/program.elf.dir/HAL/Display/oled.c.obj
 *fill*         0x0000e875        0x3 
 .rodata.C_P.31
                0x0000e878        0x5 CMakeFiles/program.elf.dir/HAL/Display/oled.c.obj
 *fill*         0x0000e87d        0x3 
 .rodata.C_Q.30
                0x0000e880        0x5 CMakeFiles/program.elf.dir/HAL/Display/oled.c.obj
 *fill*         0x0000e885        0x3 
 .rodata.C_R.29
                0x0000e888        0x5 CMakeFiles/program.elf.dir/HAL/Display/oled.c.obj
 *fill*         0x0000e88d        0x3 
 .rodata.C_S.28
                0x0000e890        0x5 CMakeFiles/program.elf.dir/HAL/Display/oled.c.obj
 *fill*         0x0000e895        0x3 
 .rodata.C_T.27
                0x0000e898        0x5 CMakeFiles/program.elf.dir/HAL/Display/oled.c.obj
 *fill*         0x0000e89d        0x3 
 .rodata.C_U.26
                0x0000e8a0        0x5 CMakeFiles/program.elf.dir/HAL/Display/oled.c.obj
 *fill*         0x0000e8a5        0x3 
 .rodata.C_V.25
                0x0000e8a8        0x5 CMakeFiles/program.elf.dir/HAL/Display/oled.c.obj
 *fill*         0x0000e8ad        0x3 
 .rodata.C_W.24
                0x0000e8b0        0x5 CMakeFiles/program.elf.dir/HAL/Display/oled.c.obj
 *fill*         0x0000e8b5        0x3 
 .rodata.C_X.23
                0x0000e8b8        0x5 CMakeFiles/program.elf.dir/HAL/Display/oled.c.obj
 *fill*         0x0000e8bd        0x3 
 .rodata.C_Y.22
                0x0000e8c0        0x5 CMakeFiles/program.elf.dir/HAL/Display/oled.c.obj
 *fill*         0x0000e8c5        0x3 
 .rodata.C_Z.21
                0x0000e8c8        0x5 CMakeFiles/program.elf.dir/HAL/Display/oled.c.obj
 *fill*         0x0000e8cd        0x3 
 .rodata.C_0.20
                0x0000e8d0        0x5 CMakeFiles/program.elf.dir/HAL/Display/oled.c.obj
 *fill*         0x0000e8d5        0x3 
 .rodata.C_1.19
                0x0000e8d8        0x5 CMakeFiles/program.elf.dir/HAL/Display/oled.c.obj
 *fill*         0x0000e8dd        0x3 
 .rodata.C_2.18
                0x0000e8e0        0x5 CMakeFiles/program.elf.dir/HAL/Display/oled.c.obj
 *fill*         0x0000e8e5        0x3 
 .rodata.C_3.17
                0x0000e8e8        0x5 CMakeFiles/program.elf.dir/HAL/Display/oled.c.obj
 *fill*         0x0000e8ed        0x3 
 .rodata.C_4.16
                0x0000e8f0        0x5 CMakeFiles/program.elf.dir/HAL/Display/oled.c.obj
 *fill*         0x0000e8f5        0x3 
 .rodata.C_5.15
                0x0000e8f8        0x5 CMakeFiles/program.elf.dir/HAL/Display/oled.c.obj
 *fill*         0x0000e8fd        0x3 
 .rodata.C_6.14
                0x0000e900        0x5 CMakeFiles/program.elf.dir/HAL/Display/oled.c.obj
 *fill*         0x0000e905        0x3 
 .rodata.C_7.13
                0x0000e908        0x5 CMakeFiles/program.elf.dir/HAL/Display/oled.c.obj
 *fill*         0x0000e90d        0x3 
 .rodata.C_8.12
                0x0000e910        0x5 CMakeFiles/program.elf.dir/HAL/Display/oled.c.obj
 *fill*         0x0000e915        0x3 
 .rodata.C_9.11
                0x0000e918        0x5 CMakeFiles/program.elf.dir/HAL/Display/oled.c.obj
 *fill*         0x0000e91d        0x3 
 .rodata.C_PLUS.10
                0x0000e920        0x5 CMakeFiles/program.elf.dir/HAL/Display/oled.c.obj
 *fill*         0x0000e925        0x3 
 .rodata.C_MINUS.9
                0x0000e928        0x5 CMakeFiles/program.elf.dir/HAL/Display/oled.c.obj
 *fill*         0x0000e92d        0x3 
 .rodata.C_STAR.8
                0x0000e930        0x5 CMakeFiles/program.elf.dir/HAL/Display/oled.c.obj
 *fill*         0x0000e935        0x3 
 .rodata.C_EQUALS.7
                0x0000e938        0x5 CMakeFiles/program.elf.dir/HAL/Display/oled.c.obj
 *fill*         0x0000e93d        0x3 
 .rodata.C_QUESTION.6
                0x0000e940        0x5 CMakeFiles/program.elf.dir/HAL/Display/oled.c.obj
 *fill*         0x0000e945        0x3 
 .rodata.C_COLON.5
                0x0000e948        0x5 CMakeFiles/program.elf.dir/HAL/Display/oled.c.obj
 *fill*         0x0000e94d        0x3 
 .rodata.C_DOT.4
                0x0000e950        0x5 CMakeFiles/program.elf.dir/HAL/Display/oled.c.obj
 *fill*         0x0000e955        0x3 
 .rodata.C_COMMA.3
                0x0000e958        0x5 CMakeFiles/program.elf.dir/HAL/Display/oled.c.obj
 *fill*         0x0000e95d        0x3 
 .rodata.C_SLASH.2
                0x0000e960        0x5 CMakeFiles/program.elf.dir/HAL/Display/oled.c.obj
 *fill*         0x0000e965        0x3 
 .rodata.C_HASH.1
                0x0000e968        0x5 CMakeFiles/program.elf.dir/HAL/Display/oled.c.obj
 *fill*         0x0000e96d        0x3 
 .rodata.blank.0
                0x0000e970        0x5 CMakeFiles/program.elf.dir/HAL/Display/oled.c.obj
 *fill*         0x0000e975        0x3 
 .rodata.col_pins
                0x0000e978        0xc CMakeFiles/program.elf.dir/HAL/Input/keypad.c.obj
 .rodata.row_pins
                0x0000e984       0x10 CMakeFiles/program.elf.dir/HAL/Input/keypad.c.obj
 .rodata.keypad_map
                0x0000e994        0xc CMakeFiles/program.elf.dir/HAL/Input/keypad.c.obj
 .rodata.ExCvt  0x0000e9a0       0x80 CMakeFiles/program.elf.dir/FatFS/ff.c.obj
 .rodata.code_digits
                0x0000ea20        0x8 CMakeFiles/program.elf.dir/Puzzles/puzzle3_code.c.obj
 .rodata.hard_answer
                0x0000ea28        0x2 CMakeFiles/program.elf.dir/Puzzles/puzzle3_code.c.obj
 .rodata._svfprintf_r.str1.1
                0x0000ea2a       0x33 C:/Program Files/arm/bin/../lib/gcc/arm-none-eabi/15.2.1/../../../../arm-none-eabi/lib/thumb/v8-m.main/nofp\libc_nano.a(libc_a-nano-svfprintf.o)
                                 0x11 (size before relaxing)
 .rodata._printf_i.str1.1
                0x0000ea5d        0x0 C:/Program Files/arm/bin/../lib/gcc/arm-none-eabi/15.2.1/../../../../arm-none-eabi/lib/thumb/v8-m.main/nofp\libc_nano.a(libc_a-nano-vfprintf_i.o)
                                 0x22 (size before relaxing)
 *(.glue_7)
 .glue_7        0x0000ea5d        0x0 linker stubs
 *(.glue_7t)
 .glue_7t       0x0000ea5d        0x0 linker stubs
 *(.eh_frame)
 *fill*         0x0000ea5d        0x3 
 .eh_frame      0x0000ea60        0x0 C:/Program Files/arm/bin/../lib/gcc/arm-none-eabi/15.2.1/thumb/v8-m.main/nofp/crtbegin.o
 *(.init)
 .init          0x0000ea60        0x4 C:/Program Files/arm/bin/../lib/gcc/arm-none-eabi/15.2.1/thumb/v8-m.main/nofp/crti.o
                0x0000ea60                _init
 .init          0x0000ea64        0x8 C:/Program Files/arm/bin/../lib/gcc/arm-none-eabi/15.2.1/thumb/v8-m.main/nofp/crtn.o
 *(.fini)
 .fini          0x0000ea6c        0x4 C:/Program Files/arm/bin/../lib/gcc/arm-none-eabi/15.2.1/thumb/v8-m.main/nofp/crti.o
                0x0000ea6c                _fini
 .fini          0x0000ea70        0x8 C:/Program Files/arm/bin/../lib/gcc/arm-none-eabi/15.2.1/thumb/v8-m.main/nofp/crtn.o
                0x0000ea78                        . = ALIGN (0x4)

.vfp11_veneer   0x0000ea78        0x0
 .vfp11_veneer  0x0000ea78        0x0 linker stubs

.v4_bx          0x0000ea78        0x0
 .v4_bx         0x0000ea78        0x0 linker stubs

.iplt           0x0000ea78        0x0
 .iplt          0x0000ea78        0x0 C:/Program Files/arm/bin/../lib/gcc/arm-none-eabi/15.2.1/thumb/v8-m.main/nofp/crtbegin.o

.ARM.extab
 *(.ARM.extab* .gnu.linkonce.armextab.*)

.ARM            0x0000ea78        0x8
                0x0000ea78                        __exidx_start = .
 *(.ARM.exidx*)
 .ARM.exidx     0x0000ea78        0x8 C:/Program Files/arm/bin/../lib/gcc/arm-none-eabi/15.2.1/../../../../arm-none-eabi/lib/thumb/v8-m.main/nofp/crt0.o
                                 0x10 (size before relaxing)
 .ARM.exidx     0x0000ea80        0x0 C:/Program Files/arm/bin/../lib/gcc/arm-none-eabi/15.2.1/../../../../arm-none-eabi/lib/thumb/v8-m.main/nofp\libc_nano.a(libc_a-strlen.o)
                                  0x8 (size before relaxing)
                0x0000ea80                        __exidx_end = .

.rel.dyn        0x0000ea80        0x0
 .rel.iplt      0x0000ea80        0x0 C:/Program Files/arm/bin/../lib/gcc/arm-none-eabi/15.2.1/thumb/v8-m.main/nofp/crtbegin.o

.ctors          0x0000ea80        0x0
                0x0000ea80                        __CTOR_LIST__ = .
 *crtbegin.o(.ctors)
 *crtbegin?.o(.ctors)
 *(EXCLUDE_FILE(*crtend.o *crtend?.o) .ctors)
 *(SORT_BY_NAME(.ctors.*))
 *(.ctors)
                0x0000ea80                        __CTOR_END__ = .

.dtors          0x0000ea80        0x0
                0x0000ea80                        __DTOR_LIST__ = .
 *crtbegin.o(.dtors)
 *crtbegin?.o(.dtors)
 *(EXCLUDE_FILE(*crtend.o *crtend?.o) .dtors)
 *(SORT_BY_NAME(.dtors.*))
 *(.dtors)
                0x0000ea80                        __DTOR_END__ = .

.preinit_array  0x0000ea80        0x0
                0x0000ea80                        PROVIDE (__preinit_array_start = .)
 *(.preinit_array*)
                0x0000ea80                        PROVIDE (__preinit_array_end = .)

.init_array     0x0000ea80        0x4
                0x0000ea80                        PROVIDE (__init_array_start = .)
 *(SORT_BY_NAME(.init_array.*))
 *(.init_array*)
 .init_array    0x0000ea80        0x4 C:/Program Files/arm/bin/../lib/gcc/arm-none-eabi/15.2.1/thumb/v8-m.main/nofp/crtbegin.o
                0x0000ea84                        PROVIDE (__init_array_end = .)

.fini_array     0x0000ea84        0x4
                [!provide]                        PROVIDE (__fini_array_start = .)
 *(SORT_BY_NAME(.fini_array.*))
 *(.fini_array*)
 .fini_array    0x0000ea84        0x4 C:/Program Files/arm/bin/../lib/gcc/arm-none-eabi/15.2.1/thumb/v8-m.main/nofp/crtbegin.o
                [!provide]                        PROVIDE (__fini_array_end = .)
                0x0000ea88                        __etext = .
                0x0000ea88                        __DATA_ROM = .

.data           0x20000000       0xd4 load address 0x0000ea88
                0x20000000                        . = ALIGN (0x4)
                0x20000000                        __DATA_RAM = .
                0x20000000                        __data_start__ = .
 *(.ramfunc*)
 *(.data)
 *(.data*)
 .data.eventEnumToText
                0x20000000       0x34 CMakeFiles/program.elf.dir/App/events.c.obj
 .data.current_location
                0x20000034        0x1 CMakeFiles/program.elf.dir/App/fsm.c.obj
 *fill*         0x20000035        0x3 
 .data.puzzle_for_location
                0x20000038        0x5 CMakeFiles/program.elf.dir/App/fsm.c.obj
 *fill*         0x2000003d        0x3 
 .data.location_minor
                0x20000040        0xa CMakeFiles/program.elf.dir/HAL/BT/bt.c.obj
 .data.blink_on
                0x2000004a        0x1 CMakeFiles/program.elf.dir/HAL/Display/leds.c.obj
 .data.active_puzzle_number
                0x2000004b        0x1 CMakeFiles/program.elf.dir/HAL/Display/leds.c.obj
 .data.Stat     0x2000004c        0x1 CMakeFiles/program.elf.dir/FatFS/diskio.c.obj
 .data._dummy   0x2000004d        0x1 CMakeFiles/program.elf.dir/FatFS/lpspi_master.c.obj
 *fill*         0x2000004e        0x2 
 .data.random_seed
                0x20000050        0x4 CMakeFiles/program.elf.dir/Puzzles/puzzle1_math.c.obj
 .data.random_seed
                0x20000054        0x4 CMakeFiles/program.elf.dir/Puzzles/puzzle2_morsecode.c.obj
 .data.color_words_english
                0x20000058       0x10 CMakeFiles/program.elf.dir/Puzzles/puzzle2_morsecode.c.obj
 .data.color_words_dutch
                0x20000068       0x10 CMakeFiles/program.elf.dir/Puzzles/puzzle2_morsecode.c.obj
 .data.random_seed
                0x20000078        0x4 CMakeFiles/program.elf.dir/Puzzles/puzzle4_sequence.c.obj
 .data.correct_button
                0x2000007c        0x1 CMakeFiles/program.elf.dir/Puzzles/puzzle5_color.c.obj
 *fill*         0x2000007d        0x3 
 .data.random_seed
                0x20000080        0x4 CMakeFiles/program.elf.dir/Puzzles/puzzle5_color.c.obj
 .data._impure_ptr
                0x20000084        0x4 C:/Program Files/arm/bin/../lib/gcc/arm-none-eabi/15.2.1/../../../../arm-none-eabi/lib/thumb/v8-m.main/nofp\libc_nano.a(libc_a-impure.o)
                0x20000084                _impure_ptr
 .data._impure_data
                0x20000088       0x4c C:/Program Files/arm/bin/../lib/gcc/arm-none-eabi/15.2.1/../../../../arm-none-eabi/lib/thumb/v8-m.main/nofp\libc_nano.a(libc_a-impure.o)
                0x20000088                _impure_data
 *(.jcr*)
                0x200000d4                        . = ALIGN (0x4)