C:/Users/hp/.vscode/MoiBox/Puzzles/puzzle2_morsecode.c:51:13:print_serial	16	static
C:/Users/hp/.vscode/MoiBox/Puzzles/puzzle2_morsecode.c:59:17:random_next	4	static
C:/Users/hp/.vscode/MoiBox/Puzzles/puzzle2_morsecode.c:65:13:random_init	8	static
C:/Users/hp/.vscode/MoiBox/Puzzles/puzzle2_morsecode.c:75:13:generate_random_color	8	static
C:/Users/hp/.vscode/MoiBox/Puzzles/puzzle2_morsecode.c:80:13:generate_random_number_code	8	static
C:/Users/hp/.vscode/MoiBox/Puzzles/puzzle2_morsecode.c:88:20:morse_for_char	16	static
C:/Users/hp/.vscode/MoiBox/Puzzles/puzzle2_morsecode.c:139:13:append_char_to_morse	24	static
C:/Users/hp/.vscode/MoiBox/Puzzles/puzzle2_morsecode.c:155:13:append_string_to_morse	16	static
C:/Users/hp/.vscode/MoiBox/Puzzles/puzzle2_morsecode.c:164:13:make_morse_text	16	static
C:/Users/hp/.vscode/MoiBox/Puzzles/puzzle2_morsecode.c:181:20:get_color_word	8	static
C:/Users/hp/.vscode/MoiBox/Puzzles/puzzle2_morsecode.c:191:13:reset_input	16	static
C:/Users/hp/.vscode/MoiBox/Puzzles/puzzle2_morsecode.c:201:12:number_answer_correct	16	static
C:/Users/hp/.vscode/MoiBox/Puzzles/puzzle2_morsecode.c:214:13:show_current_clue	16	static
C:/Users/hp/.vscode/MoiBox/Puzzles/puzzle2_morsecode.c:278:13:play_current_clue	8	static
C:/Users/hp/.vscode/MoiBox/Puzzles/puzzle2_morsecode.c:290:6:puzzle2_morsecode_start	8	static
C:/Users/hp/.vscode/MoiBox/Puzzles/puzzle2_morsecode.c:342:17:puzzle2_morsecode_update	8	static
C:/Users/hp/.vscode/MoiBox/Puzzles/puzzle2_morsecode.c:353:6:puzzle2_morsecode_handle_key	16	static
C:/Users/hp/.vscode/MoiBox/Puzzles/puzzle2_morsecode.c:473:6:puzzle2_morsecode_handle_button	16	static
