C:/Users/hp/.vscode/MoiBox/Puzzles/puzzle5_color.c:21:13:print_serial	16	static
C:/Users/hp/.vscode/MoiBox/Puzzles/puzzle5_color.c:29:17:random_next	4	static
C:/Users/hp/.vscode/MoiBox/Puzzles/puzzle5_color.c:35:13:random_init	8	static
C:/Users/hp/.vscode/MoiBox/Puzzles/puzzle5_color.c:45:12:is_dutch	8	static
C:/Users/hp/.vscode/MoiBox/Puzzles/puzzle5_color.c:50:13:print_button_name	16	static
C:/Users/hp/.vscode/MoiBox/Puzzles/puzzle5_color.c:100:20:clue_line1_english	16	static
C:/Users/hp/.vscode/MoiBox/Puzzles/puzzle5_color.c:120:20:clue_line2_english	16	static
C:/Users/hp/.vscode/MoiBox/Puzzles/puzzle5_color.c:140:20:clue_line1_dutch	16	static
C:/Users/hp/.vscode/MoiBox/Puzzles/puzzle5_color.c:160:20:clue_line2_dutch	16	static
C:/Users/hp/.vscode/MoiBox/Puzzles/puzzle5_color.c:180:20:get_clue_line1	8	static
C:/Users/hp/.vscode/MoiBox/Puzzles/puzzle5_color.c:190:20:get_clue_line2	8	static
C:/Users/hp/.vscode/MoiBox/Puzzles/puzzle5_color.c:200:13:show_clue_on_oled	8	static
C:/Users/hp/.vscode/MoiBox/Puzzles/puzzle5_color.c:220:6:puzzle5_color_start	8	static
C:/Users/hp/.vscode/MoiBox/Puzzles/puzzle5_color.c:268:17:puzzle5_color_update	4	static
C:/Users/hp/.vscode/MoiBox/Puzzles/puzzle5_color.c:273:6:puzzle5_color_handle_button	16	static
