C:/Users/hp/.vscode/MoiBox/Puzzles/puzzle1_math.c:27:13:print_serial	16	static
C:/Users/hp/.vscode/MoiBox/Puzzles/puzzle1_math.c:35:13:print_int	32	static
C:/Users/hp/.vscode/MoiBox/Puzzles/puzzle1_math.c:64:13:int_to_string	40	static
C:/Users/hp/.vscode/MoiBox/Puzzles/puzzle1_math.c:97:13:append_string	32	static
C:/Users/hp/.vscode/MoiBox/Puzzles/puzzle1_math.c:115:13:append_int	40	static
C:/Users/hp/.vscode/MoiBox/Puzzles/puzzle1_math.c:123:12:is_dutch	8	static
C:/Users/hp/.vscode/MoiBox/Puzzles/puzzle1_math.c:128:17:random_next	4	static
C:/Users/hp/.vscode/MoiBox/Puzzles/puzzle1_math.c:134:13:random_init	8	static
C:/Users/hp/.vscode/MoiBox/Puzzles/puzzle1_math.c:144:12:random_range	24	static
C:/Users/hp/.vscode/MoiBox/Puzzles/puzzle1_math.c:150:13:reset_input	16	static
C:/Users/hp/.vscode/MoiBox/Puzzles/puzzle1_math.c:160:12:input_to_int	16	static
C:/Users/hp/.vscode/MoiBox/Puzzles/puzzle1_math.c:182:13:generate_problem	8	static
C:/Users/hp/.vscode/MoiBox/Puzzles/puzzle1_math.c:203:13:show_problem_oled	72	static
C:/Users/hp/.vscode/MoiBox/Puzzles/puzzle1_math.c:263:13:print_problem_serial	8	static
C:/Users/hp/.vscode/MoiBox/Puzzles/puzzle1_math.c:323:6:puzzle1_math_start	8	static
C:/Users/hp/.vscode/MoiBox/Puzzles/puzzle1_math.c:344:17:puzzle1_math_update	4	static
C:/Users/hp/.vscode/MoiBox/Puzzles/puzzle1_math.c:349:6:puzzle1_math_handle_key	24	static
