C:/Users/hp/.vscode/MoiBox/config/arch/arm/CMSIS/Core/Include/core_cm33.h:2358:22:__NVIC_EnableIRQ	16	static
C:/Users/hp/.vscode/MoiBox/config/arch/arm/CMSIS/Core/Include/core_cm33.h:2449:22:__NVIC_ClearPendingIRQ	16	static
C:/Users/hp/.vscode/MoiBox/config/arch/arm/CMSIS/Core/Include/core_cm33.h:2555:22:__NVIC_SetPriority	16	static
C:/Users/hp/.vscode/MoiBox/serial/serial.c:58:6:serial_init	16	static
C:/Users/hp/.vscode/MoiBox/serial/serial.c:143:6:serial_putchar	16	static
C:/Users/hp/.vscode/MoiBox/serial/serial.c:153:5:serial_getchar	16	static
C:/Users/hp/.vscode/MoiBox/serial/serial.c:166:10:serial_rxcnt	8	static
C:/Users/hp/.vscode/MoiBox/serial/serial.c:171:6:LPUART0_IRQHandler	16	static
