C:/Users/hp/.vscode/MoiBox/config/arch/arm/CMSIS/Core/Include/core_cm33.h:2555:22:__NVIC_SetPriority	16	static
C:/Users/hp/.vscode/MoiBox/config/arch/arm/CMSIS/Core/Include/core_cm33.h:3108:26:SysTick_Config	16	static
C:/Users/hp/.vscode/MoiBox/App/app.c:36:13:print_serial	16	static
C:/Users/hp/.vscode/MoiBox/App/app.c:44:6:SysTick_Handler	8	static
C:/Users/hp/.vscode/MoiBox/App/app.c:49:6:app_tick_1ms	4	static
C:/Users/hp/.vscode/MoiBox/App/app.c:54:10:app_millis	4	static
C:/Users/hp/.vscode/MoiBox/App/app.c:59:13:send_event	16	static
C:/Users/hp/.vscode/MoiBox/App/app.c:68:13:print_current_settings	8	static
C:/Users/hp/.vscode/MoiBox/App/app.c:79:13:hc05_print_current_settings	8	static
C:/Users/hp/.vscode/MoiBox/App/app.c:90:12:is_digit	16	static
C:/Users/hp/.vscode/MoiBox/App/app.c:95:13:to_upper_char	16	static
C:/Users/hp/.vscode/MoiBox/App/app.c:105:12:str_equal	24	static
C:/Users/hp/.vscode/MoiBox/App/app.c:124:13:hc05_print_to_usb	16	static
C:/Users/hp/.vscode/MoiBox/App/app.c:131:17:parse_uint32	24	static
C:/Users/hp/.vscode/MoiBox/App/app.c:166:17:parse_fixed_number	32	static
C:/Users/hp/.vscode/MoiBox/App/app.c:198:12:parse_datetime_command	32	static
C:/Users/hp/.vscode/MoiBox/App/app.c:275:13:process_time_command	72	static
C:/Users/hp/.vscode/MoiBox/App/app.c:322:12:handle_time_command_char	16	static
C:/Users/hp/.vscode/MoiBox/App/app.c:354:13:process_command_char	24	static
C:/Users/hp/.vscode/MoiBox/App/app.c:525:12:is_keypad_sequence	16	static
C:/Users/hp/.vscode/MoiBox/App/app.c:545:12:is_button_sequence	16	static
C:/Users/hp/.vscode/MoiBox/App/app.c:565:13:send_keypad_sequence	24	static
C:/Users/hp/.vscode/MoiBox/App/app.c:581:13:send_button_sequence	24	static
C:/Users/hp/.vscode/MoiBox/App/app.c:617:13:process_text_command	24	static
C:/Users/hp/.vscode/MoiBox/App/app.c:829:13:handle_serial_input	16	static
C:/Users/hp/.vscode/MoiBox/App/app.c:872:13:handle_hc05_input	16	static
C:/Users/hp/.vscode/MoiBox/App/app.c:905:13:handle_keypad_input	16	static
C:/Users/hp/.vscode/MoiBox/App/app.c:923:13:handle_button_input	16	static
C:/Users/hp/.vscode/MoiBox/App/app.c:957:13:handle_bt_input	16	static
C:/Users/hp/.vscode/MoiBox/App/app.c:969:6:app_init	8	static
C:/Users/hp/.vscode/MoiBox/App/app.c:1001:6:app_update	8	static
