C:/Users/hp/.vscode/MoiBox/App/fsm.c:53:13:print_serial	16	static
C:/Users/hp/.vscode/MoiBox/App/fsm.c:61:12:is_dutch	8	static
C:/Users/hp/.vscode/MoiBox/App/fsm.c:66:13:schedule_action	16	static
C:/Users/hp/.vscode/MoiBox/App/fsm.c:72:13:clear_pending	4	static
C:/Users/hp/.vscode/MoiBox/App/fsm.c:78:13:print_uint	32	static
C:/Users/hp/.vscode/MoiBox/App/fsm.c:101:13:sync_current_puzzle_from_location	4	static
C:/Users/hp/.vscode/MoiBox/App/fsm.c:111:16:beacon_event_to_location	16	static
C:/Users/hp/.vscode/MoiBox/App/fsm.c:135:13:reset_game_data	16	static
C:/Users/hp/.vscode/MoiBox/App/fsm.c:151:13:oled_start	8	static
C:/Users/hp/.vscode/MoiBox/App/fsm.c:167:13:oled_reset	8	static
C:/Users/hp/.vscode/MoiBox/App/fsm.c:183:13:oled_skip	8	static
C:/Users/hp/.vscode/MoiBox/App/fsm.c:203:13:oled_waiting	8	static
C:/Users/hp/.vscode/MoiBox/App/fsm.c:220:13:oled_correct_location	8	static
C:/Users/hp/.vscode/MoiBox/App/fsm.c:238:13:show_waiting_for_location	16	static
C:/Users/hp/.vscode/MoiBox/App/fsm.c:261:13:show_wrong_location	16	static
C:/Users/hp/.vscode/MoiBox/App/fsm.c:297:13:start_current_puzzle	16	static
C:/Users/hp/.vscode/MoiBox/App/fsm.c:321:13:actual_start_puzzle	16	static
C:/Users/hp/.vscode/MoiBox/App/fsm.c:334:13:mark_solved	8	static
C:/Users/hp/.vscode/MoiBox/App/fsm.c:356:13:finish_location	8	static
C:/Users/hp/.vscode/MoiBox/App/fsm.c:397:13:handle_puzzle_solved	16	static
C:/Users/hp/.vscode/MoiBox/App/fsm.c:408:13:reset_after_message	8	static
C:/Users/hp/.vscode/MoiBox/App/fsm.c:421:13:run_pending_action	8	static
C:/Users/hp/.vscode/MoiBox/App/fsm.c:457:6:fsm_init	8	static
C:/Users/hp/.vscode/MoiBox/App/fsm.c:480:6:fsm_update	16	static
C:/Users/hp/.vscode/MoiBox/App/fsm.c:502:6:fsm_handle_event	32	static
C:/Users/hp/.vscode/MoiBox/App/fsm.c:642:13:fsm_get_state	4	static
C:/Users/hp/.vscode/MoiBox/App/fsm.c:647:13:fsm_get_current_puzzle	4	static
C:/Users/hp/.vscode/MoiBox/App/fsm.c:652:9:fsm_get_current_location	4	static
C:/Users/hp/.vscode/MoiBox/App/fsm.c:657:6:fsm_is_puzzle_solved	16	static
C:/Users/hp/.vscode/MoiBox/App/fsm.c:667:6:fsm_set_puzzle_for_location	16	static
C:/Users/hp/.vscode/MoiBox/App/fsm.c:687:13:fsm_get_puzzle_for_location	16	static
