C:/Users/hp/.vscode/MoiBox/HAL/Storage/logger.c:24:13:uint_to_string	40	static
C:/Users/hp/.vscode/MoiBox/HAL/Storage/logger.c:51:13:write_text	24	static
C:/Users/hp/.vscode/MoiBox/HAL/Storage/logger.c:63:13:write_uint	32	static
C:/Users/hp/.vscode/MoiBox/HAL/Storage/logger.c:72:13:write_seconds_6_digits	32	static
C:/Users/hp/.vscode/MoiBox/HAL/Storage/logger.c:93:17:run_time_seconds	16	static
C:/Users/hp/.vscode/MoiBox/HAL/Storage/logger.c:103:13:open_log_file	24	static
C:/Users/hp/.vscode/MoiBox/HAL/Storage/logger.c:127:13:close_log_file	16	static
C:/Users/hp/.vscode/MoiBox/HAL/Storage/logger.c:135:13:write_prefix	16	static
C:/Users/hp/.vscode/MoiBox/HAL/Storage/logger.c:149:13:write_basic_line	64	static
C:/Users/hp/.vscode/MoiBox/HAL/Storage/logger.c:187:13:write_separator	56	static
C:/Users/hp/.vscode/MoiBox/HAL/Storage/logger.c:214:13:write_timing_line	64	static
C:/Users/hp/.vscode/MoiBox/HAL/Storage/logger.c:269:6:logger_init	16	static
C:/Users/hp/.vscode/MoiBox/HAL/Storage/logger.c:292:6:logger_update	16	static
C:/Users/hp/.vscode/MoiBox/HAL/Storage/logger.c:297:6:logger_is_available	4	static
C:/Users/hp/.vscode/MoiBox/HAL/Storage/logger.c:302:6:logger_log	16	static
C:/Users/hp/.vscode/MoiBox/HAL/Storage/logger.c:307:6:logger_log_event	16	static
C:/Users/hp/.vscode/MoiBox/HAL/Storage/logger.c:312:6:logger_log_settings	16	static
C:/Users/hp/.vscode/MoiBox/HAL/Storage/logger.c:317:6:logger_log_input_char	24	static
C:/Users/hp/.vscode/MoiBox/HAL/Storage/logger.c:337:6:logger_start_run	8	static
C:/Users/hp/.vscode/MoiBox/HAL/Storage/logger.c:351:6:logger_end_run	24	static
C:/Users/hp/.vscode/MoiBox/HAL/Storage/logger.c:369:6:logger_location_search	24	static
C:/Users/hp/.vscode/MoiBox/HAL/Storage/logger.c:376:6:logger_location_found	32	static
C:/Users/hp/.vscode/MoiBox/HAL/Storage/logger.c:388:6:logger_puzzle_start	24	static
C:/Users/hp/.vscode/MoiBox/HAL/Storage/logger.c:395:6:logger_puzzle_done	32	static
C:/Users/hp/.vscode/MoiBox/HAL/Storage/logger.c:407:6:logger_puzzle_skip	32	static
C:/Users/hp/.vscode/MoiBox/HAL/Storage/logger.c:419:6:logger_set_unix_time	16	static
C:/Users/hp/.vscode/MoiBox/HAL/Storage/logger.c:428:6:logger_set_datetime	24	static
