C:/Users/hp/.vscode/MoiBox/HAL/Display/leds.c:114:13:enable_port_gpio_clocks	4	static
C:/Users/hp/.vscode/MoiBox/HAL/Display/leds.c:160:13:configure_output	24	static
C:/Users/hp/.vscode/MoiBox/HAL/Display/leds.c:169:13:pin_write	24	static
C:/Users/hp/.vscode/MoiBox/HAL/Display/leds.c:181:13:pin_toggle	16	static
C:/Users/hp/.vscode/MoiBox/HAL/Display/leds.c:186:13:rgb_set	16	static
C:/Users/hp/.vscode/MoiBox/HAL/Display/leds.c:197:13:rgb_red	16	static
C:/Users/hp/.vscode/MoiBox/HAL/Display/leds.c:202:13:rgb_green	16	static
C:/Users/hp/.vscode/MoiBox/HAL/Display/leds.c:207:13:rgb_yellow	16	static
C:/Users/hp/.vscode/MoiBox/HAL/Display/leds.c:212:13:rgb_off	16	static
C:/Users/hp/.vscode/MoiBox/HAL/Display/leds.c:217:13:normal_led_write	16	static
C:/Users/hp/.vscode/MoiBox/HAL/Display/leds.c:227:13:normal_led_toggle	16	static
C:/Users/hp/.vscode/MoiBox/HAL/Display/leds.c:237:13:show_normal_map	16	static
C:/Users/hp/.vscode/MoiBox/HAL/Display/leds.c:272:13:show_wrong_location_flash	16	static
C:/Users/hp/.vscode/MoiBox/HAL/Display/leds.c:295:6:leds_init	24	static
C:/Users/hp/.vscode/MoiBox/HAL/Display/leds.c:335:6:leds_update	16	static
C:/Users/hp/.vscode/MoiBox/HAL/Display/leds.c:360:6:leds_update_map	24	static
C:/Users/hp/.vscode/MoiBox/HAL/Display/leds.c:387:6:leds_set_active_puzzle	16	static
C:/Users/hp/.vscode/MoiBox/HAL/Display/leds.c:395:6:leds_set_wrong_location_flash	16	static
C:/Users/hp/.vscode/MoiBox/HAL/Display/leds.c:412:6:leds_normal_all_off	8	static
C:/Users/hp/.vscode/MoiBox/HAL/Display/leds.c:420:6:leds_normal_red_on	8	static
C:/Users/hp/.vscode/MoiBox/HAL/Display/leds.c:425:6:leds_normal_green_on	8	static
C:/Users/hp/.vscode/MoiBox/HAL/Display/leds.c:430:6:leds_normal_blue_on	8	static
C:/Users/hp/.vscode/MoiBox/HAL/Display/leds.c:435:6:leds_normal_yellow_on	8	static
C:/Users/hp/.vscode/MoiBox/HAL/Display/leds.c:440:6:leds_normal_red_off	8	static
C:/Users/hp/.vscode/MoiBox/HAL/Display/leds.c:445:6:leds_normal_green_off	8	static
C:/Users/hp/.vscode/MoiBox/HAL/Display/leds.c:450:6:leds_normal_blue_off	8	static
C:/Users/hp/.vscode/MoiBox/HAL/Display/leds.c:455:6:leds_normal_yellow_off	8	static
C:/Users/hp/.vscode/MoiBox/HAL/Display/leds.c:460:6:leds_normal_red_toggle	8	static
C:/Users/hp/.vscode/MoiBox/HAL/Display/leds.c:465:6:leds_normal_green_toggle	8	static
C:/Users/hp/.vscode/MoiBox/HAL/Display/leds.c:470:6:leds_normal_blue_toggle	8	static
C:/Users/hp/.vscode/MoiBox/HAL/Display/leds.c:475:6:leds_normal_yellow_toggle	8	static
C:/Users/hp/.vscode/MoiBox/HAL/Display/leds.c:480:6:leds_normal_set	24	static
