C:/Users/hp/.vscode/MoiBox/HAL/Display/lpi2c.c:12:13:lpi2c_clear_flags	4	static
C:/Users/hp/.vscode/MoiBox/HAL/Display/lpi2c.c:24:13:lpi2c_has_error	4	static
C:/Users/hp/.vscode/MoiBox/HAL/Display/lpi2c.c:32:6:lpi2c_busy	4	static
C:/Users/hp/.vscode/MoiBox/HAL/Display/lpi2c.c:37:13:lpi2c_txfifo_full	16	static
C:/Users/hp/.vscode/MoiBox/HAL/Display/lpi2c.c:46:13:lpi2c_wait_bus_free	16	static
C:/Users/hp/.vscode/MoiBox/HAL/Display/lpi2c.c:63:13:lpi2c_wait_txfifo_not_full	16	static
C:/Users/hp/.vscode/MoiBox/HAL/Display/lpi2c.c:85:13:lpi2c_reset_master	8	static
C:/Users/hp/.vscode/MoiBox/HAL/Display/lpi2c.c:93:13:lpi2c_send_word	16	static
C:/Users/hp/.vscode/MoiBox/HAL/Display/lpi2c.c:105:6:lpi2c_controller_init	8	static
C:/Users/hp/.vscode/MoiBox/HAL/Display/lpi2c.c:191:6:lpi2c_init	8	static
C:/Users/hp/.vscode/MoiBox/HAL/Display/lpi2c.c:198:6:lpi2c_write	32	static
