C:/Users/hp/.vscode/MoiBox/HAL/Display/oled.c:25:13:oled_send_command	16	static
C:/Users/hp/.vscode/MoiBox/HAL/Display/oled.c:30:13:oled_send_commands	16	static
C:/Users/hp/.vscode/MoiBox/HAL/Display/oled.c:40:13:oled_send_data_chunk	16	static
C:/Users/hp/.vscode/MoiBox/HAL/Display/oled.c:50:13:oled_set_full_window	16	static
C:/Users/hp/.vscode/MoiBox/HAL/Display/oled.c:61:13:oled_write_ram_command	8	static
C:/Users/hp/.vscode/MoiBox/HAL/Display/oled.c:66:13:oled_draw_pixel	32	static
C:/Users/hp/.vscode/MoiBox/HAL/Display/oled.c:89:13:oled_draw_scaled_pixel	40	static
C:/Users/hp/.vscode/MoiBox/HAL/Display/oled.c:112:13:oled_to_upper	16	static
C:/Users/hp/.vscode/MoiBox/HAL/Display/oled.c:122:23:font_get_char	16	static
C:/Users/hp/.vscode/MoiBox/HAL/Display/oled.c:234:17:oled_string_length	24	static
C:/Users/hp/.vscode/MoiBox/HAL/Display/oled.c:251:13:oled_draw_char	40	static
C:/Users/hp/.vscode/MoiBox/HAL/Display/oled.c:276:13:oled_draw_string	32	static
C:/Users/hp/.vscode/MoiBox/HAL/Display/oled.c:293:13:oled_draw_string_centered	40	static
C:/Users/hp/.vscode/MoiBox/HAL/Display/oled.c:319:6:oled_draw_text	24	static
C:/Users/hp/.vscode/MoiBox/HAL/Display/oled.c:324:6:oled_draw_text_centered	24	static
C:/Users/hp/.vscode/MoiBox/HAL/Display/oled.c:329:6:oled_init	56	static
C:/Users/hp/.vscode/MoiBox/HAL/Display/oled.c:387:6:oled_clear	16	static
C:/Users/hp/.vscode/MoiBox/HAL/Display/oled.c:400:6:oled_update	24	static
C:/Users/hp/.vscode/MoiBox/HAL/Display/oled.c:442:6:oled_display_string	24	static
C:/Users/hp/.vscode/MoiBox/HAL/Display/oled.c:464:6:oled_display_value	32	static
C:/Users/hp/.vscode/MoiBox/HAL/Display/oled.c:473:6:oled_display_puzzle_state	16	static
