C:/Users/hp/.vscode/MoiBox/HAL/Audio/buzzer.c:41:13:delay_loop	16	static
C:/Users/hp/.vscode/MoiBox/HAL/Audio/buzzer.c:49:13:delay_ms_blocking	16	static
C:/Users/hp/.vscode/MoiBox/HAL/Audio/buzzer.c:58:6:buzzer_init	8	static
C:/Users/hp/.vscode/MoiBox/HAL/Audio/buzzer.c:94:6:buzzer_update	16	static
C:/Users/hp/.vscode/MoiBox/HAL/Audio/buzzer.c:130:6:buzzer_on	4	static
C:/Users/hp/.vscode/MoiBox/HAL/Audio/buzzer.c:139:6:buzzer_off	4	static
C:/Users/hp/.vscode/MoiBox/HAL/Audio/buzzer.c:147:6:buzzer_beep	16	static
C:/Users/hp/.vscode/MoiBox/HAL/Audio/buzzer.c:160:6:buzzer_set	16	static
C:/Users/hp/.vscode/MoiBox/HAL/Audio/buzzer.c:179:13:buzzer_beep_blocking	16	static
C:/Users/hp/.vscode/MoiBox/HAL/Audio/buzzer.c:186:13:morse_element_gap	8	static
C:/Users/hp/.vscode/MoiBox/HAL/Audio/buzzer.c:192:13:morse_letter_gap	8	static
C:/Users/hp/.vscode/MoiBox/HAL/Audio/buzzer.c:198:13:morse_word_gap	8	static
C:/Users/hp/.vscode/MoiBox/HAL/Audio/buzzer.c:204:13:morse_dot	8	static
C:/Users/hp/.vscode/MoiBox/HAL/Audio/buzzer.c:209:13:morse_dash	8	static
C:/Users/hp/.vscode/MoiBox/HAL/Audio/buzzer.c:214:13:to_upper	16	static
C:/Users/hp/.vscode/MoiBox/HAL/Audio/buzzer.c:224:20:morse_for_char	16	static
C:/Users/hp/.vscode/MoiBox/HAL/Audio/buzzer.c:273:13:morse_symbol	16	static
C:/Users/hp/.vscode/MoiBox/HAL/Audio/buzzer.c:285:6:buzzer_morse_digit	24	static
C:/Users/hp/.vscode/MoiBox/HAL/Audio/buzzer.c:323:6:buzzer_morse_S	8	static
C:/Users/hp/.vscode/MoiBox/HAL/Audio/buzzer.c:335:6:buzzer_morse_string	24	static
C:/Users/hp/.vscode/MoiBox/HAL/Audio/buzzer.c:372:6:buzzer_success	8	static
C:/Users/hp/.vscode/MoiBox/HAL/Audio/buzzer.c:385:6:buzzer_fail	8	static
C:/Users/hp/.vscode/MoiBox/HAL/Audio/buzzer.c:393:6:buzzer_click	8	static
C:/Users/hp/.vscode/MoiBox/HAL/Audio/buzzer.c:398:6:buzzer_correct_sound	8	static
C:/Users/hp/.vscode/MoiBox/HAL/Audio/buzzer.c:403:6:buzzer_error_sound	8	static
C:/Users/hp/.vscode/MoiBox/HAL/Audio/buzzer.c:408:6:buzzer_repeat_start	4	static
C:/Users/hp/.vscode/MoiBox/HAL/Audio/buzzer.c:419:6:buzzer_repeat_stop	8	static
