C:/Users/hp/.vscode/MoiBox/HAL/BT/bt.c:91:13:print_serial	16	static
C:/Users/hp/.vscode/MoiBox/HAL/BT/bt.c:99:13:print_int	32	static
C:/Users/hp/.vscode/MoiBox/HAL/BT/bt.c:128:13:print_uint	32	static
C:/Users/hp/.vscode/MoiBox/HAL/BT/bt.c:151:13:print_hex2	48	static
C:/Users/hp/.vscode/MoiBox/HAL/BT/bt.c:159:13:print_hex4	16	static
C:/Users/hp/.vscode/MoiBox/HAL/BT/bt.c:166:12:is_hex_char	16	static
C:/Users/hp/.vscode/MoiBox/HAL/BT/bt.c:173:16:hex_value	16	static
C:/Users/hp/.vscode/MoiBox/HAL/BT/bt.c:193:12:parse_hex4_at	32	static
C:/Users/hp/.vscode/MoiBox/HAL/BT/bt.c:216:12:parse_hex2_at	24	static
C:/Users/hp/.vscode/MoiBox/HAL/BT/bt.c:232:12:chars_equal_ignore_case	16	static
C:/Users/hp/.vscode/MoiBox/HAL/BT/bt.c:247:20:find_text_ignore_case	24	static
C:/Users/hp/.vscode/MoiBox/HAL/BT/bt.c:278:20:find_next_colon	16	static
C:/Users/hp/.vscode/MoiBox/HAL/BT/bt.c:298:12:parse_rssi	32	static
C:/Users/hp/.vscode/MoiBox/HAL/BT/bt.c:330:18:rssi_to_zone	16	static
C:/Users/hp/.vscode/MoiBox/HAL/BT/bt.c:350:20:zone_to_text	16	static
C:/Users/hp/.vscode/MoiBox/HAL/BT/bt.c:368:16:minor_to_location	24	static
C:/Users/hp/.vscode/MoiBox/HAL/BT/bt.c:381:16:minor_to_direction_target	16	static
C:/Users/hp/.vscode/MoiBox/HAL/BT/bt.c:403:25:location_to_event	16	static
C:/Users/hp/.vscode/MoiBox/HAL/BT/bt.c:427:13:oled_show_beacon_distance	16	static
C:/Users/hp/.vscode/MoiBox/HAL/BT/bt.c:460:13:oled_show_right_direction	16	static
C:/Users/hp/.vscode/MoiBox/HAL/BT/bt.c:490:13:handle_direction_beacon	24	static
C:/Users/hp/.vscode/MoiBox/HAL/BT/bt.c:541:13:parse_hm10_ibeacon_line	56	static
C:/Users/hp/.vscode/MoiBox/HAL/BT/bt.c:642:13:bt_print_fixed_field	24	static
C:/Users/hp/.vscode/MoiBox/HAL/BT/bt.c:650:13:send_at_command	16	static
C:/Users/hp/.vscode/MoiBox/HAL/BT/bt.c:664:13:process_bt_line	56	static
C:/Users/hp/.vscode/MoiBox/HAL/BT/bt.c:731:13:bt_finish_current_line	8	static
C:/Users/hp/.vscode/MoiBox/HAL/BT/bt.c:743:13:bt_process_received_char	16	static
C:/Users/hp/.vscode/MoiBox/HAL/BT/bt.c:763:13:bt_send_scan_command	8	static
C:/Users/hp/.vscode/MoiBox/HAL/BT/bt.c:769:13:bt_send_init_commands	24	static
C:/Users/hp/.vscode/MoiBox/HAL/BT/bt.c:793:6:bt_init	8	static
C:/Users/hp/.vscode/MoiBox/HAL/BT/bt.c:823:6:bt_update	16	static
C:/Users/hp/.vscode/MoiBox/HAL/BT/bt.c:866:6:bt_get_event	16	static
C:/Users/hp/.vscode/MoiBox/HAL/BT/bt.c:888:6:bt_detect_beacon	24	static
C:/Users/hp/.vscode/MoiBox/HAL/BT/bt.c:951:6:bt_set_expected_minor_for_puzzle	16	static
C:/Users/hp/.vscode/MoiBox/HAL/BT/bt.c:961:10:bt_get_expected_minor_for_puzzle	16	static
C:/Users/hp/.vscode/MoiBox/HAL/BT/bt.c:971:6:bt_debug_simulate_minor	16	static
C:/Users/hp/.vscode/MoiBox/HAL/BT/bt.c:976:6:bt_set_scanning_enabled	16	static
C:/Users/hp/.vscode/MoiBox/HAL/BT/bt.c:1002:6:bt_is_scanning_enabled	4	static
